Archive member included to satisfy reference by file (symbol)

/Applications/ArmGNUToolchain/15.2.rel1/arm-none-eabi/bin/../lib/gcc/arm-none-eabi/15.2.1/thumb/v6-m/nofp/libgcc.a(_dvmd_tls.o)
                              CMakeFiles/dual_quant_pitch.dir/Users/adrianvos/pico-sdk/src/rp2_common/pico_divider/divider_hardware.S.o (__aeabi_idiv0)
/Applications/ArmGNUToolchain/15.2.rel1/arm-none-eabi/bin/../lib/gcc/arm-none-eabi/15.2.1/../../../../arm-none-eabi/lib/thumb/v6-m/nofp/libg.a(libc_a-calloc.o)
                              CMakeFiles/dual_quant_pitch.dir/Users/adrianvos/pico-sdk/src/rp2_common/pico_malloc/malloc.c.o (calloc)
/Applications/ArmGNUToolchain/15.2.rel1/arm-none-eabi/bin/../lib/gcc/arm-none-eabi/15.2.1/../../../../arm-none-eabi/lib/thumb/v6-m/nofp/libg.a(libc_a-callocr.o)
                              /Applications/ArmGNUToolchain/15.2.rel1/arm-none-eabi/bin/../lib/gcc/arm-none-eabi/15.2.1/../../../../arm-none-eabi/lib/thumb/v6-m/nofp/libg.a(libc_a-calloc.o) (_calloc_r)
/Applications/ArmGNUToolchain/15.2.rel1/arm-none-eabi/bin/../lib/gcc/arm-none-eabi/15.2.1/../../../../arm-none-eabi/lib/thumb/v6-m/nofp/libg.a(libc_a-malloc.o)
                              CMakeFiles/dual_quant_pitch.dir/Users/adrianvos/pico-sdk/src/rp2_common/pico_malloc/malloc.c.o (malloc)
/Applications/ArmGNUToolchain/15.2.rel1/arm-none-eabi/bin/../lib/gcc/arm-none-eabi/15.2.1/../../../../arm-none-eabi/lib/thumb/v6-m/nofp/libg.a(libc_a-mallocr.o)
                              /Applications/ArmGNUToolchain/15.2.rel1/arm-none-eabi/bin/../lib/gcc/arm-none-eabi/15.2.1/../../../../arm-none-eabi/lib/thumb/v6-m/nofp/libg.a(libc_a-callocr.o) (_malloc_r)
/Applications/ArmGNUToolchain/15.2.rel1/arm-none-eabi/bin/../lib/gcc/arm-none-eabi/15.2.1/../../../../arm-none-eabi/lib/thumb/v6-m/nofp/libg.a(libc_a-mlock.o)
                              /Applications/ArmGNUToolchain/15.2.rel1/arm-none-eabi/bin/../lib/gcc/arm-none-eabi/15.2.1/../../../../arm-none-eabi/lib/thumb/v6-m/nofp/libg.a(libc_a-mallocr.o) (__malloc_lock)
/Applications/ArmGNUToolchain/15.2.rel1/arm-none-eabi/bin/../lib/gcc/arm-none-eabi/15.2.1/../../../../arm-none-eabi/lib/thumb/v6-m/nofp/libg.a(libc_a-realloc.o)
                              CMakeFiles/dual_quant_pitch.dir/Users/adrianvos/pico-sdk/src/rp2_common/pico_malloc/malloc.c.o (realloc)
/Applications/ArmGNUToolchain/15.2.rel1/arm-none-eabi/bin/../lib/gcc/arm-none-eabi/15.2.1/../../../../arm-none-eabi/lib/thumb/v6-m/nofp/libg.a(libc_a-reallocr.o)
                              /Applications/ArmGNUToolchain/15.2.rel1/arm-none-eabi/bin/../lib/gcc/arm-none-eabi/15.2.1/../../../../arm-none-eabi/lib/thumb/v6-m/nofp/libg.a(libc_a-realloc.o) (_realloc_r)
/Applications/ArmGNUToolchain/15.2.rel1/arm-none-eabi/bin/../lib/gcc/arm-none-eabi/15.2.1/../../../../arm-none-eabi/lib/thumb/v6-m/nofp/libg.a(libc_a-memcmp.o)
                              CMakeFiles/dual_quant_pitch.dir/Users/adrianvos/pico-sdk/src/rp2_common/pico_atomic/atomic.c.o (memcmp)
/Applications/ArmGNUToolchain/15.2.rel1/arm-none-eabi/bin/../lib/gcc/arm-none-eabi/15.2.1/../../../../arm-none-eabi/lib/thumb/v6-m/nofp/libg.a(libc_a-memmove.o)
                              /Applications/ArmGNUToolchain/15.2.rel1/arm-none-eabi/bin/../lib/gcc/arm-none-eabi/15.2.1/../../../../arm-none-eabi/lib/thumb/v6-m/nofp/libg.a(libc_a-reallocr.o) (memmove)
/Applications/ArmGNUToolchain/15.2.rel1/arm-none-eabi/bin/../lib/gcc/arm-none-eabi/15.2.1/../../../../arm-none-eabi/lib/thumb/v6-m/nofp/libg.a(libc_a-lcltime_r.o)
                              CMakeFiles/dual_quant_pitch.dir/Users/adrianvos/pico-sdk/src/common/pico_util/datetime.c.o (localtime_r)
/Applications/ArmGNUToolchain/15.2.rel1/arm-none-eabi/bin/../lib/gcc/arm-none-eabi/15.2.1/../../../../arm-none-eabi/lib/thumb/v6-m/nofp/libg.a(libc_a-mktime.o)
                              CMakeFiles/dual_quant_pitch.dir/Users/adrianvos/pico-sdk/src/common/pico_util/datetime.c.o (mktime)
/Applications/ArmGNUToolchain/15.2.rel1/arm-none-eabi/bin/../lib/gcc/arm-none-eabi/15.2.1/../../../../arm-none-eabi/lib/thumb/v6-m/nofp/libg.a(libc_a-month_lengths.o)
                              /Applications/ArmGNUToolchain/15.2.rel1/arm-none-eabi/bin/../lib/gcc/arm-none-eabi/15.2.1/../../../../arm-none-eabi/lib/thumb/v6-m/nofp/libg.a(libc_a-lcltime_r.o) (__month_lengths)
/Applications/ArmGNUToolchain/15.2.rel1/arm-none-eabi/bin/../lib/gcc/arm-none-eabi/15.2.1/../../../../arm-none-eabi/lib/thumb/v6-m/nofp/libg.a(libc_a-tzcalc_limits.o)
                              /Applications/ArmGNUToolchain/15.2.rel1/arm-none-eabi/bin/../lib/gcc/arm-none-eabi/15.2.1/../../../../arm-none-eabi/lib/thumb/v6-m/nofp/libg.a(libc_a-lcltime_r.o) (__tzcalc_limits)
/Applications/ArmGNUToolchain/15.2.rel1/arm-none-eabi/bin/../lib/gcc/arm-none-eabi/15.2.1/../../../../arm-none-eabi/lib/thumb/v6-m/nofp/libg.a(libc_a-tzlock.o)
[...]
Memory Configuration

Name             Origin             Length             Attributes
FLASH            0x10000000         0x00200000         xr
RAM              0x20000000         0x00040000         xrw
SCRATCH_X        0x20040000         0x00001000         xrw
SCRATCH_Y        0x20041000         0x00001000         xrw
*default*        0x00000000         0xffffffff

Linker script and memory map

LOAD /Applications/ArmGNUToolchain/15.2.rel1/arm-none-eabi/bin/../lib/gcc/arm-none-eabi/15.2.1/thumb/v6-m/nofp/crti.o
LOAD /Applications/ArmGNUToolchain/15.2.rel1/arm-none-eabi/bin/../lib/gcc/arm-none-eabi/15.2.1/thumb/v6-m/nofp/crtbegin.o
LOAD /Applications/ArmGNUToolchain/15.2.rel1/arm-none-eabi/bin/../lib/gcc/arm-none-eabi/15.2.1/../../../../arm-none-eabi/lib/thumb/v6-m/nofp/crt0.o

.flash_begin    0x10000000        0x0
                0x10000000                        __flash_binary_start = .

.boot2          0x10000000      0x100
                0x10000000                        __boot2_start__ = .
 *(.boot2)
 .boot2         0x10000000      0x100 pico-sdk/src/rp2040/boot_stage2/CMakeFiles/bs2_default_library.dir/bs2_default_padded_checksummed.S.o
                0x10000100                        __boot2_end__ = .
                0x00000001                        ASSERT (((__boot2_end__ - __boot2_start__) == 0x100), ERROR: Pico second stage bootloader must be 256 bytes in size)

.flashtext      0x10000100      0x190
                0x10000100                        __logical_binary_start = .
 *(.vectors)
 .vectors       0x10000100       0xd4 CMakeFiles/dual_quant_pitch.dir/Users/adrianvos/pico-sdk/src/rp2_common/pico_crt0/crt0.S.o
                0x10000100                __VECTOR_TABLE
                0x10000100                __vectors
                0x100001c0                isr_irq13
                0x100001c0                isr_irq27
                0x100001c0                isr_irq31
                0x100001c0                isr_irq5
                0x100001c0                isr_irq11
                0x100001c0                isr_irq23
                0x100001c0                isr_irq18
                0x100001c0                isr_irq9
                0x100001c0                __unhandled_user_irq
                0x100001c0                isr_irq25
                0x100001c0                isr_irq4
                0x100001c0                isr_irq16
                0x100001c0                isr_irq29
                0x100001c0                isr_irq26
                0x100001c0                isr_irq3
                0x100001c0                isr_irq12
                0x100001c0                isr_irq30
                0x100001c0                isr_irq28
                0x100001c0                isr_irq19
                0x100001c0                isr_irq0
                0x100001c0                isr_irq6
                0x100001c0                isr_irq22
                0x100001c0                isr_irq17
                0x100001c0                isr_irq14
                0x100001c0                __vectors_end
                0x100001c0                __default_isrs_start
                0x100001c0                isr_irq2
                0x100001c0                isr_irq10
                0x100001c0                isr_irq8
                0x100001c0                isr_irq24
                0x100001c0                isr_irq1
                0x100001c0                isr_irq7
                0x100001c0                isr_irq21
                0x100001c0                isr_irq20
                0x100001c0                isr_irq15
                0x100001c6                unhandled_user_irq_num_in_r0
                0x100001c8                isr_invalid
                0x100001ca                isr_nmi
                0x100001cc                isr_hardfault
                0x100001ce                isr_svcall
                0x100001d0                isr_pendsv
                0x100001d2                isr_systick
                0x100001d4                __default_isrs_end
 *(.binary_info_header)
 .binary_info_header
                0x100001d4       0x14 CMakeFiles/dual_quant_pitch.dir/Users/adrianvos/pico-sdk/src/rp2_common/pico_crt0/crt0.S.o
                0x100001e8                        __binary_info_header_end = .
 *(.embedded_block)
                0x100001e8                        __embedded_block_end = .
 *(.reset)
 .reset         0x100001e8       0xa8 CMakeFiles/dual_quant_pitch.dir/Users/adrianvos/pico-sdk/src/rp2_common/pico_crt0/crt0.S.o
                0x100001e8                _entry_point

.rodata         0x10000290        0x0
 *(SORT_BY_ALIGNMENT(SORT_BY_NAME(.flashdata*)))
                0x10000290                        . = ALIGN (0x4)

.ARM.extab
 *(.ARM.extab* .gnu.linkonce.armextab.*)
                0x10000290                        __exidx_start = .

.ARM.exidx
 *(.ARM.exidx* .gnu.linkonce.armexidx.*)
                0x10000290                        __exidx_end = .
                0x10000290                        . = ALIGN (0x4)
                0x10000290                        __binary_info_start = .

.binary_info    0x10000290       0x1c
 *(.binary_info.keep.*)
 .binary_info.keep.__bi_ptr84
                0x10000290        0x4 CMakeFiles/dual_quant_pitch.dir/Users/adrianvos/pico-sdk/src/rp2_common/pico_standard_binary_info/standard_binary_info.c.o
 .binary_info.keep.__bi_ptr78
                0x10000294        0x4 CMakeFiles/dual_quant_pitch.dir/Users/adrianvos/pico-sdk/src/rp2_common/pico_standard_binary_info/standard_binary_info.c.o
 .binary_info.keep.__bi_ptr54
                0x10000298        0x4 CMakeFiles/dual_quant_pitch.dir/Users/adrianvos/pico-sdk/src/rp2_common/pico_standard_binary_info/standard_binary_info.c.o
 .binary_info.keep.__bi_ptr48
                0x1000029c        0x4 CMakeFiles/dual_quant_pitch.dir/Users/adrianvos/pico-sdk/src/rp2_common/pico_standard_binary_info/standard_binary_info.c.o
 .binary_info.keep.__bi_ptr42
                0x100002a0        0x4 CMakeFiles/dual_quant_pitch.dir/Users/adrianvos/pico-sdk/src/rp2_common/pico_standard_binary_info/standard_binary_info.c.o
 .binary_info.keep.__bi_ptr34
                0x100002a4        0x4 CMakeFiles/dual_quant_pitch.dir/Users/adrianvos/pico-sdk/src/rp2_common/pico_standard_binary_info/standard_binary_info.c.o
 .binary_info.keep.__bi_ptr26
                0x100002a8        0x4 CMakeFiles/dual_quant_pitch.dir/Users/adrianvos/pico-sdk/src/rp2_common/pico_standard_binary_info/standard_binary_info.c.o
 *(.binary_info.*)
                0x100002ac                        __binary_info_end = .
                0x100002ac                        . = ALIGN (0x4)

.ram_vector_table
                0x20000000       0xc0
 *(.ram_vector_table)
 .ram_vector_table
                0x20000000       0xc0 CMakeFiles/dual_quant_pitch.dir/Users/adrianvos/pico-sdk/src/rp2_common/pico_runtime_init/runtime_init.c.o
                0x20000000                ram_vector_table

.uninitialized_data
                0x200000c0        0x0
                0x200000c0                        . = ALIGN (0x4)
 *(.uninitialized_data*)

.text           0x200000c0     0x39a8 load address 0x100002ac
                0x200000c0                        __ram_text_start__ = .
 *(.init)
 .init          0x200000c0        0x4 /Applications/ArmGNUToolchain/15.2.rel1/arm-none-eabi/bin/../lib/gcc/arm-none-eabi/15.2.1/thumb/v6-m/nofp/crti.o
                0x200000c0                _init
 *(.text*)
 .text.register_tm_clones
                0x200000c4       0x28 /Applications/ArmGNUToolchain/15.2.rel1/arm-none-eabi/bin/../lib/gcc/arm-none-eabi/15.2.1/thumb/v6-m/nofp/crtbegin.o
 .text.frame_dummy
                0x200000ec       0x24 /Applications/ArmGNUToolchain/15.2.rel1/arm-none-eabi/bin/../lib/gcc/arm-none-eabi/15.2.1/thumb/v6-m/nofp/crtbegin.o
 .text._ZN12ComputerCard11OnCVPWMWrapEv
                0x20000110       0x70 CMakeFiles/dual_quant_pitch.dir/dual_quant_pitch.cpp.o
                0x20000110                ComputerCard::OnCVPWMWrap()
 .text._ZN12ComputerCard18ReadByteFromEEPROMEjRb.constprop.0
                0x20000180       0x94 CMakeFiles/dual_quant_pitch.dir/dual_quant_pitch.cpp.o
 .text._ZN14DualQuantPitch13ProcessSampleEv
                0x20000214      0x684 CMakeFiles/dual_quant_pitch.dir/dual_quant_pitch.cpp.o
                0x20000214                DualQuantPitch::ProcessSample()
 .text._ZN12ComputerCard13AudioCallbackEv
                0x20000898       0x10 CMakeFiles/dual_quant_pitch.dir/dual_quant_pitch.cpp.o
                0x20000898                ComputerCard::AudioCallback()
 .text._ZN12ComputerCard20ProbeHardwareVersionEv
                0x200008a8       0xc0 CMakeFiles/dual_quant_pitch.dir/dual_quant_pitch.cpp.o
                0x200008a8                ComputerCard::ProbeHardwareVersion()
 .text._ZN12ComputerCard13CalcCalCoeffsEi
                0x20000968      0x490 CMakeFiles/dual_quant_pitch.dir/dual_quant_pitch.cpp.o
                0x20000968                ComputerCard::CalcCalCoeffs(int)
 .text._ZN12ComputerCard10ReadEEPROMEv
                0x20000df8      0x370 CMakeFiles/dual_quant_pitch.dir/dual_quant_pitch.cpp.o
                0x20000df8                ComputerCard::ReadEEPROM()
 .text._ZN12ComputerCardC2Ev
                0x20001168      0x440 CMakeFiles/dual_quant_pitch.dir/dual_quant_pitch.cpp.o
                0x20001168                ComputerCard::ComputerCard()
                0x20001168                ComputerCard::ComputerCard()
 .text.startup.main
                0x200015a8       0xa0 CMakeFiles/dual_quant_pitch.dir/dual_quant_pitch.cpp.o
                0x200015a8                main
 .text.gpio_set_function
                0x20001648       0x30 CMakeFiles/dual_quant_pitch.dir/Users/adrianvos/pico-sdk/src/rp2_common/hardware_gpio/gpio.c.o
                0x20001648                gpio_set_function
 .text.gpio_set_pulls
                0x20001678       0x24 CMakeFiles/dual_quant_pitch.dir/Users/adrianvos/pico-sdk/src/rp2_common/hardware_gpio/gpio.c.o
                0x20001678                gpio_set_pulls
 .text.gpio_set_input_enabled
                0x2000169c       0x24 CMakeFiles/dual_quant_pitch.dir/Users/adrianvos/pico-sdk/src/rp2_common/hardware_gpio/gpio.c.o
                0x2000169c                gpio_set_input_enabled
 .text.gpio_init
                0x200016c0       0x3c CMakeFiles/dual_quant_pitch.dir/Users/adrianvos/pico-sdk/src/rp2_common/hardware_gpio/gpio.c.o
                0x200016c0                gpio_init
 .text.panic    0x200016fc       0x30 CMakeFiles/dual_quant_pitch.dir/Users/adrianvos/pico-sdk/src/rp2_common/pico_platform_panic/panic.c.o
                0x200016fc                panic
 .text.hw_claim_or_assert
                0x2000172c       0x50 CMakeFiles/dual_quant_pitch.dir/Users/adrianvos/pico-sdk/src/common/hardware_claim/claim.c.o
                0x2000172c                hw_claim_or_assert
 .text.hw_claim_unused_from_range
                0x2000177c       0x88 CMakeFiles/dual_quant_pitch.dir/Users/adrianvos/pico-sdk/src/common/hardware_claim/claim.c.o
                0x2000177c                hw_claim_unused_from_range
 .text.next_striped_spin_lock_num
                0x20001804       0x18 CMakeFiles/dual_quant_pitch.dir/Users/adrianvos/pico-sdk/src/rp2_common/hardware_sync/sync.c.o
                0x20001804                next_striped_spin_lock_num
 .text.spin_locks_reset
                0x2000181c       0x1c CMakeFiles/dual_quant_pitch.dir/Users/adrianvos/pico-sdk/src/rp2_common/hardware_sync_spin_lock/sync_spin_lock.c.o
                0x2000181c                spin_locks_reset
 .text.runtime_init_per_core_irq_priorities
                0x20001838       0x48 CMakeFiles/dual_quant_pitch.dir/Users/adrianvos/pico-sdk/src/rp2_common/hardware_irq/irq.c.o
                0x20001838                runtime_init_per_core_irq_priorities
 .text.irq_set_enabled
                0x20001880       0x24 CMakeFiles/dual_quant_pitch.dir/Users/adrianvos/pico-sdk/src/rp2_common/hardware_irq/irq.c.o
                0x20001880                irq_set_enabled
 .text.irq_set_exclusive_handler
                0x200018a4       0x54 CMakeFiles/dual_quant_pitch.dir/Users/adrianvos/pico-sdk/src/rp2_common/hardware_irq/irq.c.o
                0x200018a4                irq_set_exclusive_handler
 .text.irq_remove_handler
                0x200018f8      0x1c8 CMakeFiles/dual_quant_pitch.dir/Users/adrianvos/pico-sdk/src/rp2_common/hardware_irq/irq.c.o
                0x200018f8                irq_remove_handler
 .text.irq_set_priority
                0x20001ac0       0x28 CMakeFiles/dual_quant_pitch.dir/Users/adrianvos/pico-sdk/src/rp2_common/hardware_irq/irq.c.o
                0x20001ac0                irq_set_priority
 .text.irq_add_tail_to_free_list
                0x20001ae8       0xb4 CMakeFiles/dual_quant_pitch.dir/Users/adrianvos/pico-sdk/src/rp2_common/hardware_irq/irq.c.o
                0x20001ae8                irq_add_tail_to_free_list
 .text.lock_init
                0x20001b9c       0x10 CMakeFiles/dual_quant_pitch.dir/Users/adrianvos/pico-sdk/src/common/pico_sync/lock_core.c.o
                0x20001b9c                lock_init
 .text.runtime_init_mutex
                0x20001bac       0x50 CMakeFiles/dual_quant_pitch.dir/Users/adrianvos/pico-sdk/src/common/pico_sync/mutex.c.o
                0x20001bac                runtime_init_mutex
 .text.sleep_until_callback
                0x20001bfc       0x30 CMakeFiles/dual_quant_pitch.dir/Users/adrianvos/pico-sdk/src/common/pico_time/time.c.o
 .text.alarm_pool_irq_handler
                0x20001c2c      0x2f4 CMakeFiles/dual_quant_pitch.dir/Users/adrianvos/pico-sdk/src/common/pico_time/time.c.o
 .text.runtime_init_default_alarm_pool
                0x20001f20       0xd8 CMakeFiles/dual_quant_pitch.dir/Users/adrianvos/pico-sdk/src/common/pico_time/time.c.o
                0x20001f20                runtime_init_default_alarm_pool
 .text.alarm_pool_add_alarm_at_force_in_context
                0x20001ff8       0xbc CMakeFiles/dual_quant_pitch.dir/Users/adrianvos/pico-sdk/src/common/pico_time/time.c.o
                0x20001ff8                alarm_pool_add_alarm_at_force_in_context
 .text.alarm_pool_cancel_alarm
                0x200020b4       0x74 CMakeFiles/dual_quant_pitch.dir/Users/adrianvos/pico-sdk/src/common/pico_time/time.c.o
                0x200020b4                alarm_pool_cancel_alarm
 .text.sleep_us
                0x20002128       0xec CMakeFiles/dual_quant_pitch.dir/Users/adrianvos/pico-sdk/src/common/pico_time/time.c.o
                0x20002128                sleep_us
 .text.best_effort_wfe_or_timeout
                0x20002214      0x100 CMakeFiles/dual_quant_pitch.dir/Users/adrianvos/pico-sdk/src/common/pico_time/time.c.o
                0x20002214                best_effort_wfe_or_timeout
 .text.check_single_timeout_us
                0x20002314       0x28 CMakeFiles/dual_quant_pitch.dir/Users/adrianvos/pico-sdk/src/common/pico_time/timeout_helper.c.o
 .text.init_single_timeout_until
                0x2000233c        0xc CMakeFiles/dual_quant_pitch.dir/Users/adrianvos/pico-sdk/src/common/pico_time/timeout_helper.c.o
                0x2000233c                init_single_timeout_until
 .text.timer_hardware_alarm_claim
                0x20002348       0x14 CMakeFiles/dual_quant_pitch.dir/Users/adrianvos/pico-sdk/src/rp2_common/hardware_timer/timer.c.o
                0x20002348                timer_hardware_alarm_claim
 .text.timer_time_us_64
                0x2000235c       0x10 CMakeFiles/dual_quant_pitch.dir/Users/adrianvos/pico-sdk/src/rp2_common/hardware_timer/timer.c.o
                0x2000235c                timer_time_us_64
 .text.time_us_64
                0x2000236c       0x14 CMakeFiles/dual_quant_pitch.dir/Users/adrianvos/pico-sdk/src/rp2_common/hardware_timer/timer.c.o
                0x2000236c                time_us_64
 .text.busy_wait_until
                0x20002380       0x20 CMakeFiles/dual_quant_pitch.dir/Users/adrianvos/pico-sdk/src/rp2_common/hardware_timer/timer.c.o
                0x20002380                busy_wait_until
 .text.clock_configure_int_divider
                0x200023a0       0xec CMakeFiles/dual_quant_pitch.dir/Users/adrianvos/pico-sdk/src/rp2_common/hardware_clocks/clocks.c.o
                0x200023a0                clock_configure_int_divider
 .text.clock_configure_undivided
                0x2000248c       0xe0 CMakeFiles/dual_quant_pitch.dir/Users/adrianvos/pico-sdk/src/rp2_common/hardware_clocks/clocks.c.o
                0x2000248c                clock_configure_undivided
 .text.clock_get_hz
                0x2000256c        0xc CMakeFiles/dual_quant_pitch.dir/Users/adrianvos/pico-sdk/src/rp2_common/hardware_clocks/clocks.c.o
                0x2000256c                clock_get_hz
 .text.set_sys_clock_pll
                0x20002578      0x1b4 CMakeFiles/dual_quant_pitch.dir/Users/adrianvos/pico-sdk/src/rp2_common/hardware_clocks/clocks.c.o
                0x20002578                set_sys_clock_pll
 .text.check_sys_clock_khz
                0x2000272c      0x288 CMakeFiles/dual_quant_pitch.dir/Users/adrianvos/pico-sdk/src/rp2_common/hardware_clocks/clocks.c.o
                0x2000272c                check_sys_clock_khz
 .text.pll_init
                0x200029b4       0xb0 CMakeFiles/dual_quant_pitch.dir/Users/adrianvos/pico-sdk/src/rp2_common/hardware_pll/pll.c.o
                0x200029b4                pll_init
 .text.tick_start
                0x20002a64       0x10 CMakeFiles/dual_quant_pitch.dir/Users/adrianvos/pico-sdk/src/rp2_common/hardware_ticks/ticks.c.o
                0x20002a64                tick_start
 .text.rom_func_lookup
                0x20002a74       0x10 CMakeFiles/dual_quant_pitch.dir/Users/adrianvos/pico-sdk/src/rp2_common/pico_bootrom/bootrom.c.o
                0x20002a74                rom_func_lookup
 .text.rom_data_lookup
                0x20002a84       0x10 CMakeFiles/dual_quant_pitch.dir/Users/adrianvos/pico-sdk/src/rp2_common/pico_bootrom/bootrom.c.o
                0x20002a84                rom_data_lookup
 .text.rom_funcs_lookup
                0x20002a94       0x44 CMakeFiles/dual_quant_pitch.dir/Users/adrianvos/pico-sdk/src/rp2_common/pico_bootrom/bootrom.c.o
                0x20002a94                rom_funcs_lookup
 .text.xosc_init
                0x20002ad8       0x28 CMakeFiles/dual_quant_pitch.dir/Users/adrianvos/pico-sdk/src/rp2_common/hardware_xosc/xosc.c.o
                0x20002ad8                xosc_init
 .text.first_per_core_initializer
                0x20002b00        0x4 CMakeFiles/dual_quant_pitch.dir/Users/adrianvos/pico-sdk/src/rp2_common/pico_runtime/runtime.c.o
 .text.hard_assertion_failure
                0x20002b04        0xc CMakeFiles/dual_quant_pitch.dir/Users/adrianvos/pico-sdk/src/rp2_common/pico_runtime/runtime.c.o
                0x20002b04                hard_assertion_failure
 .text.runtime_run_initializers
                0x20002b10       0x28 CMakeFiles/dual_quant_pitch.dir/Users/adrianvos/pico-sdk/src/rp2_common/pico_runtime/runtime.c.o
                0x20002b10                runtime_run_initializers
 .text.runtime_init_early_resets
                0x20002b38       0x2c CMakeFiles/dual_quant_pitch.dir/Users/adrianvos/pico-sdk/src/rp2_common/pico_runtime_init/runtime_init.c.o
                0x20002b38                runtime_init_early_resets
 .text.runtime_init_usb_power_down
                0x20002b64       0x1c CMakeFiles/dual_quant_pitch.dir/Users/adrianvos/pico-sdk/src/rp2_common/pico_runtime_init/runtime_init.c.o
                0x20002b64                runtime_init_usb_power_down
 .text.runtime_init_post_clock_resets
                0x20002b80       0x20 CMakeFiles/dual_quant_pitch.dir/Users/adrianvos/pico-sdk/src/rp2_common/pico_runtime_init/runtime_init.c.o
                0x20002b80                runtime_init_post_clock_resets
 .text.runtime_init_rp2040_gpio_ie_disable
                0x20002ba0       0x14 CMakeFiles/dual_quant_pitch.dir/Users/adrianvos/pico-sdk/src/rp2_common/pico_runtime_init/runtime_init.c.o
                0x20002ba0                runtime_init_rp2040_gpio_ie_disable
 .text.runtime_init_spin_locks_reset
                0x20002bb4        0x8 CMakeFiles/dual_quant_pitch.dir/Users/adrianvos/pico-sdk/src/rp2_common/pico_runtime_init/runtime_init.c.o
                0x20002bb4                runtime_init_spin_locks_reset
 .text.runtime_init_install_ram_vector_table
                0x20002bbc       0xb8 CMakeFiles/dual_quant_pitch.dir/Users/adrianvos/pico-sdk/src/rp2_common/pico_runtime_init/runtime_init.c.o
                0x20002bbc                runtime_init_install_ram_vector_table
 .text.runtime_init_clocks
                0x20002c74       0xd8 CMakeFiles/dual_quant_pitch.dir/Users/adrianvos/pico-sdk/src/rp2_common/pico_runtime_init/runtime_init_clocks.c.o
                0x20002c74                runtime_init_clocks
 .text          0x20002d4c       0x10 CMakeFiles/dual_quant_pitch.dir/Users/adrianvos/pico-sdk/src/rp2_common/pico_bit_ops/bit_ops_aeabi.S.o
 .text.__wrap___aeabi_idiv
                0x20002d5c       0x50 CMakeFiles/dual_quant_pitch.dir/Users/adrianvos/pico-sdk/src/rp2_common/pico_divider/divider_hardware.S.o
                0x20002d5c                __wrap___aeabi_idivmod
                0x20002d5c                divmod_s32s32
                0x20002d5c                div_s32s32
                0x20002d5c                __wrap___aeabi_idiv
                0x20002d64                divmod_s32s32_unsafe
                0x20002d90                divmod_s32s32_savestate
 .text.__wrap___aeabi_uidiv
                0x20002dac       0x4c CMakeFiles/dual_quant_pitch.dir/Users/adrianvos/pico-sdk/src/rp2_common/pico_divider/divider_hardware.S.o
                0x20002dac                __wrap___aeabi_uidiv
                0x20002dac                __wrap___aeabi_uidivmod
                0x20002dac                div_u32u32
                0x20002dac                divmod_u32u32
                0x20002db4                divmod_u32u32_unsafe
                0x20002ddc                divmod_u32u32_savestate
 .text.__aeabi_double_init
                0x20002df8       0xa4 CMakeFiles/dual_quant_pitch.dir/Users/adrianvos/pico-sdk/src/rp2_common/pico_double/double_init_rom_rp2040.c.o
                0x20002df8                __aeabi_double_init
 .text.double_table_shim_on_use_helper
                0x20002e9c       0x2c CMakeFiles/dual_quant_pitch.dir/Users/adrianvos/pico-sdk/src/rp2_common/pico_double/double_v1_rom_shim_rp2040.S.o
                0x20002e9c                double_table_shim_on_use_helper
 .text.__aeabi_lmul
                0x20002ec8       0x32 CMakeFiles/dual_quant_pitch.dir/Users/adrianvos/pico-sdk/src/rp2_common/pico_int64_ops/pico_int64_ops_aeabi.S.o
                0x20002ec8                __wrap___aeabi_lmul
 *fill*         0x20002efa        0x2 
 .text.__wrap___aeabi_farithmetic
                0x20002efc       0x48 CMakeFiles/dual_quant_pitch.dir/Users/adrianvos/pico-sdk/src/rp2_common/pico_float/float_aeabi_rp2040.S.o
                0x20002efc                __wrap___aeabi_frsub
                0x20002f02                __wrap___aeabi_fsub
                0x20002f08                __wrap___aeabi_fadd
                0x20002f0e                __wrap___aeabi_fdiv
                0x20002f36                __wrap___aeabi_fmul
 .text.__wrap___aeabi_cfcmple
                0x20002f44       0x50 CMakeFiles/dual_quant_pitch.dir/Users/adrianvos/pico-sdk/src/rp2_common/pico_float/float_aeabi_rp2040.S.o
                0x20002f44                __wrap___aeabi_cfrcmple
                0x20002f50                __wrap___aeabi_cfcmpeq
                0x20002f50                __wrap___aeabi_cfcmple
 .text.__wrap___aeabi_fcmpeq
                0x20002f94       0x10 CMakeFiles/dual_quant_pitch.dir/Users/adrianvos/pico-sdk/src/rp2_common/pico_float/float_aeabi_rp2040.S.o
                0x20002f94                __wrap___aeabi_fcmpeq
 .text.__wrap___aeabi_i2f
                0x20002fa4       0x44 CMakeFiles/dual_quant_pitch.dir/Users/adrianvos/pico-sdk/src/rp2_common/pico_float/float_aeabi_rp2040.S.o
                0x20002fa4                int2float
                0x20002fa4                __wrap___aeabi_i2f
 .text.__wrap___aeabi_f2iz
                0x20002fe8       0x4e CMakeFiles/dual_quant_pitch.dir/Users/adrianvos/pico-sdk/src/rp2_common/pico_float/float_aeabi_rp2040.S.o
                0x20002fe8                __wrap___aeabi_f2iz
                0x20002fe8                float2int_z
 *fill*         0x20003036        0x2 
 .text.float2int
                0x20003038       0x14 CMakeFiles/dual_quant_pitch.dir/Users/adrianvos/pico-sdk/src/rp2_common/pico_float/float_aeabi_rp2040.S.o
                0x20003038                float2int
 .text.__wrap___aeabi_f2uiz
                0x2000304c        0xc CMakeFiles/dual_quant_pitch.dir/Users/adrianvos/pico-sdk/src/rp2_common/pico_float/float_aeabi_rp2040.S.o
                0x2000304c                float2uint
                0x2000304c                float2uint_z
                0x2000304c                __wrap___aeabi_f2uiz
 .text.__aeabi_float_init
                0x20003058       0x68 CMakeFiles/dual_quant_pitch.dir/Users/adrianvos/pico-sdk/src/rp2_common/pico_float/float_init_rom_rp2040.c.o
                0x20003058                __aeabi_float_init
 .text.float_table_shim_on_use_helper
                0x200030c0       0x2c CMakeFiles/dual_quant_pitch.dir/Users/adrianvos/pico-sdk/src/rp2_common/pico_float/float_v1_rom_shim_rp2040.S.o
                0x200030c0                float_table_shim_on_use_helper
 .text.float232_shims
                0x200030ec       0x18 CMakeFiles/dual_quant_pitch.dir/Users/adrianvos/pico-sdk/src/rp2_common/pico_float/float_v1_rom_shim_rp2040.S.o
                0x200030ec                float2int_shim
                0x200030ee                float2fix_shim
 .text          0x20003104       0x10 CMakeFiles/dual_quant_pitch.dir/Users/adrianvos/pico-sdk/src/rp2_common/pico_mem_ops/mem_ops_aeabi.S.o
                0x20003104                __aeabi_mem_init
 .text.memset   0x20003114        0xc CMakeFiles/dual_quant_pitch.dir/Users/adrianvos/pico-sdk/src/rp2_common/pico_mem_ops/mem_ops_aeabi.S.o
                0x20003114                __wrap_memset
 .text.memcpy   0x20003120        0xc CMakeFiles/dual_quant_pitch.dir/Users/adrianvos/pico-sdk/src/rp2_common/pico_mem_ops/mem_ops_aeabi.S.o
                0x20003120                __wrap___aeabi_memcpy
                0x20003120                __wrap_memcpy
 .text._out_char
                0x2000312c       0x10 CMakeFiles/dual_quant_pitch.dir/Users/adrianvos/pico-sdk/src/rp2_common/pico_printf/printf.c.o
 .text.weak_raw_vprintf
                0x2000313c       0x30 CMakeFiles/dual_quant_pitch.dir/Users/adrianvos/pico-sdk/src/rp2_common/pico_printf/printf.c.o
                0x2000313c                weak_raw_vprintf
 .text._exit    0x2000316c        0x4 CMakeFiles/dual_quant_pitch.dir/Users/adrianvos/pico-sdk/src/rp2_common/pico_clib_interface/newlib_interface.c.o
                0x2000316c                _exit
 .text.exit     0x20003170        0x8 CMakeFiles/dual_quant_pitch.dir/Users/adrianvos/pico-sdk/src/rp2_common/pico_clib_interface/newlib_interface.c.o
                0x20003170                exit
 .text.runtime_init
                0x20003178       0x2c CMakeFiles/dual_quant_pitch.dir/Users/adrianvos/pico-sdk/src/rp2_common/pico_clib_interface/newlib_interface.c.o
                0x20003178                runtime_init
 .text.stdio_out_chars_no_crlf
                0x200031a4       0x10 CMakeFiles/dual_quant_pitch.dir/Users/adrianvos/pico-sdk/src/rp2_common/pico_stdio/stdio.c.o
 .text.stdio_out_chars_crlf
                0x200031b4       0x90 CMakeFiles/dual_quant_pitch.dir/Users/adrianvos/pico-sdk/src/rp2_common/pico_stdio/stdio.c.o
 .text.stdio_put_string
                0x20003244       0xf4 CMakeFiles/dual_quant_pitch.dir/Users/adrianvos/pico-sdk/src/rp2_common/pico_stdio/stdio.c.o
                0x20003244                stdio_put_string
 .text.__wrap_putchar
                0x20003338       0x94 CMakeFiles/dual_quant_pitch.dir/Users/adrianvos/pico-sdk/src/rp2_common/pico_stdio/stdio.c.o
                0x20003338                stdio_putchar
                0x20003338                __wrap_putchar
 .text.__wrap_puts
                0x200033cc       0x3c CMakeFiles/dual_quant_pitch.dir/Users/adrianvos/pico-sdk/src/rp2_common/pico_stdio/stdio.c.o
                0x200033cc                __wrap_puts
                0x200033cc                stdio_puts
 .text.startup._retrieve_unique_id_on_boot
                0x20003408       0x10 CMakeFiles/dual_quant_pitch.dir/Users/adrianvos/pico-sdk/src/rp2_common/pico_unique_id/unique_id.c.o
 .text.flash_get_unique_id
                0x20003418       0x3c CMakeFiles/dual_quant_pitch.dir/Users/adrianvos/pico-sdk/src/rp2_common/hardware_flash/flash.c.o
                0x20003418                flash_get_unique_id
 .text.adc_init
                0x20003454       0x38 CMakeFiles/dual_quant_pitch.dir/Users/adrianvos/pico-sdk/src/rp2_common/hardware_adc/adc.c.o
                0x20003454                adc_init
 .text.spi_init
                0x2000348c      0x110 CMakeFiles/dual_quant_pitch.dir/Users/adrianvos/pico-sdk/src/rp2_common/hardware_spi/spi.c.o
                0x2000348c                spi_init
 .text.dma_claim_unused_channel
                0x2000359c       0x20 CMakeFiles/dual_quant_pitch.dir/Users/adrianvos/pico-sdk/src/rp2_common/hardware_dma/dma.c.o
                0x2000359c                dma_claim_unused_channel
 .text.dma_channel_cleanup
                0x200035bc       0x60 CMakeFiles/dual_quant_pitch.dir/Users/adrianvos/pico-sdk/src/rp2_common/hardware_dma/dma.c.o
                0x200035bc                dma_channel_cleanup
 .text.i2c_write_blocking_internal
                0x2000361c      0x160 CMakeFiles/dual_quant_pitch.dir/Users/adrianvos/pico-sdk/src/rp2_common/hardware_i2c/i2c.c.o
 .text.i2c_read_blocking_internal
                0x2000377c      0x100 CMakeFiles/dual_quant_pitch.dir/Users/adrianvos/pico-sdk/src/rp2_common/hardware_i2c/i2c.c.o
 .text.i2c_set_baudrate
                0x2000387c       0xb4 CMakeFiles/dual_quant_pitch.dir/Users/adrianvos/pico-sdk/src/rp2_common/hardware_i2c/i2c.c.o
                0x2000387c                i2c_set_baudrate
 .text.i2c_init
                0x20003930       0x50 CMakeFiles/dual_quant_pitch.dir/Users/adrianvos/pico-sdk/src/rp2_common/hardware_i2c/i2c.c.o
                0x20003930                i2c_init
 .text.i2c_write_blocking_until
                0x20003980       0x40 CMakeFiles/dual_quant_pitch.dir/Users/adrianvos/pico-sdk/src/rp2_common/hardware_i2c/i2c.c.o
                0x20003980                i2c_write_blocking_until
 .text.i2c_read_blocking_until
                0x200039c0       0x40 CMakeFiles/dual_quant_pitch.dir/Users/adrianvos/pico-sdk/src/rp2_common/hardware_i2c/i2c.c.o
                0x200039c0                i2c_read_blocking_until
 .text          0x20003a00        0x4 /Applications/ArmGNUToolchain/15.2.rel1/arm-none-eabi/bin/../lib/gcc/arm-none-eabi/15.2.1/thumb/v6-m/nofp/libgcc.a(_dvmd_tls.o)
                0x20003a00                __aeabi_ldiv0
                0x20003a00                __aeabi_idiv0
 .text.strlen   0x20003a04       0x60 /Applications/ArmGNUToolchain/15.2.rel1/arm-none-eabi/bin/../lib/gcc/arm-none-eabi/15.2.1/../../../../arm-none-eabi/lib/thumb/v6-m/nofp/libg.a(libc_a-strlen-stub.o)
                0x20003a04                strlen
 *(.fini)
 .fini          0x20003a64        0x4 /Applications/ArmGNUToolchain/15.2.rel1/arm-none-eabi/bin/../lib/gcc/arm-none-eabi/15.2.1/thumb/v6-m/nofp/crti.o
                0x20003a64                _fini
 *crtbegin.o(.ctors)
 *crtbegin?.o(.ctors)
 *(EXCLUDE_FILE(*crtend.o *crtend?.o) .ctors)
 *(SORT_BY_NAME(.ctors.*))
 *(.ctors)
 *crtbegin.o(.dtors)
 *crtbegin?.o(.dtors)
 *(EXCLUDE_FILE(*crtend.o *crtend?.o) .dtors)
 *(SORT_BY_NAME(.dtors.*))
 *(.dtors)
 *(.eh_frame*)
 .eh_frame      0x20003a68        0x0 /Applications/ArmGNUToolchain/15.2.rel1/arm-none-eabi/bin/../lib/gcc/arm-none-eabi/15.2.1/thumb/v6-m/nofp/crtbegin.o
                0x20003a68                        . = ALIGN (0x4)
                0x20003a68                        __ram_text_end__ = .
                0x100002ac                        __ram_text_source__ = LOADADDR (.text)

.glue_7         0x20003a68        0x0 load address 0x10003c54
 .glue_7        0x20003a68        0x0 linker stubs

.glue_7t        0x20003a68        0x0 load address 0x10003c54
 .glue_7t       0x20003a68        0x0 linker stubs

.vfp11_veneer   0x20003a68        0x0 load address 0x10003c54
 .vfp11_veneer  0x20003a68        0x0 linker stubs

.v4_bx          0x20003a68        0x0 load address 0x10003c54
 .v4_bx         0x20003a68        0x0 linker stubs

.iplt           0x20003a68        0x0 load address 0x10003c54
 .iplt          0x20003a68        0x0 /Applications/ArmGNUToolchain/15.2.rel1/arm-none-eabi/bin/../lib/gcc/arm-none-eabi/15.2.1/thumb/v6-m/nofp/crtbegin.o
                0x20003a68                        . = ALIGN (0x4)

.data           0x20003a70      0xda4 load address 0x10003c54
                0x20003a70                        __data_start__ = .
 *(vtable)
 *(.time_critical*)
 .time_critical.ComputerCard::AudioWorker
                0x20003a70      0x1d8 CMakeFiles/dual_quant_pitch.dir/dual_quant_pitch.cpp.o
                0x20003a70                ComputerCard::AudioWorker()
 .time_critical.ComputerCard::BufferFull
                0x20003c48      0x630 CMakeFiles/dual_quant_pitch.dir/dual_quant_pitch.cpp.o
                0x20003c48                ComputerCard::BufferFull()
 .time_critical.mutex_try_enter_block_until
                0x20004278       0x98 CMakeFiles/dual_quant_pitch.dir/Users/adrianvos/pico-sdk/src/common/pico_sync/mutex.c.o
                0x20004278                mutex_try_enter_block_until
 .time_critical.mutex_exit
                0x20004310       0x28 CMakeFiles/dual_quant_pitch.dir/Users/adrianvos/pico-sdk/src/common/pico_sync/mutex.c.o
                0x20004310                mutex_exit
 .time_critical.flash_init_boot2_copyout
                0x20004338       0x30 CMakeFiles/dual_quant_pitch.dir/Users/adrianvos/pico-sdk/src/rp2_common/hardware_flash/flash.c.o
 .time_critical.flash_enable_xip_via_boot2
                0x20004368        0xc CMakeFiles/dual_quant_pitch.dir/Users/adrianvos/pico-sdk/src/rp2_common/hardware_flash/flash.c.o
 .time_critical.flash_save_hardware_state
                0x20004374       0x20 CMakeFiles/dual_quant_pitch.dir/Users/adrianvos/pico-sdk/src/rp2_common/hardware_flash/flash.c.o
 .time_critical.flash_restore_hardware_state
                0x20004394       0x20 CMakeFiles/dual_quant_pitch.dir/Users/adrianvos/pico-sdk/src/rp2_common/hardware_flash/flash.c.o
 .time_critical.flash_cs_force
                0x200043b4       0x38 CMakeFiles/dual_quant_pitch.dir/Users/adrianvos/pico-sdk/src/rp2_common/hardware_flash/flash.c.o
 .time_critical.flash_do_cmd
                0x200043ec      0x124 CMakeFiles/dual_quant_pitch.dir/Users/adrianvos/pico-sdk/src/rp2_common/hardware_flash/flash.c.o
                0x200043ec                flash_do_cmd
                0x20004510                        . = ALIGN (0x4)
 *(.rodata*)
 .rodata.main.str1.4
                0x20004510       0xde CMakeFiles/dual_quant_pitch.dir/dual_quant_pitch.cpp.o
                                 0x32 (size before relaxing)
 *fill*         0x200045ee        0x2 
 .rodata.CSWTCH.211
                0x200045f0       0x18 CMakeFiles/dual_quant_pitch.dir/dual_quant_pitch.cpp.o
 .rodata.CSWTCH.210
                0x20004608       0x18 CMakeFiles/dual_quant_pitch.dir/dual_quant_pitch.cpp.o
 .rodata._ZTV12ComputerCard
                0x20004620        0xc CMakeFiles/dual_quant_pitch.dir/dual_quant_pitch.cpp.o
                0x20004620                vtable for ComputerCard
 .rodata._ZTV14DualQuantPitch
                0x2000462c        0xc CMakeFiles/dual_quant_pitch.dir/dual_quant_pitch.cpp.o
                0x2000462c                vtable for DualQuantPitch
 .rodata._ZZN14DualQuantPitch15SemitoneToRatioElE6ratios
                0x20004638       0x64 CMakeFiles/dual_quant_pitch.dir/dual_quant_pitch.cpp.o
                0x20004638                DualQuantPitch::SemitoneToRatio(long)::ratios
 .rodata._ZN14DualQuantPitch14wholeToneScaleE
                0x2000469c        0x6 CMakeFiles/dual_quant_pitch.dir/dual_quant_pitch.cpp.o
                0x2000469c                DualQuantPitch::wholeToneScale
 *fill*         0x200046a2        0x2 
 .rodata._ZN14DualQuantPitch10bluesScaleE
                0x200046a4        0x6 CMakeFiles/dual_quant_pitch.dir/dual_quant_pitch.cpp.o
                0x200046a4                DualQuantPitch::bluesScale
 *fill*         0x200046aa        0x2 
 .rodata._ZN14DualQuantPitch14minorPentScaleE
                0x200046ac        0x5 CMakeFiles/dual_quant_pitch.dir/dual_quant_pitch.cpp.o
                0x200046ac                DualQuantPitch::minorPentScale
 *fill*         0x200046b1        0x3 
 .rodata._ZN14DualQuantPitch9pentScaleE
                0x200046b4        0x5 CMakeFiles/dual_quant_pitch.dir/dual_quant_pitch.cpp.o
                0x200046b4                DualQuantPitch::pentScale
 *fill*         0x200046b9        0x3 
 .rodata._ZN14DualQuantPitch10minorScaleE
                0x200046bc        0x7 CMakeFiles/dual_quant_pitch.dir/dual_quant_pitch.cpp.o
                0x200046bc                DualQuantPitch::minorScale
 *fill*         0x200046c3        0x1 
 .rodata._ZN14DualQuantPitch10majorScaleE
                0x200046c4        0x7 CMakeFiles/dual_quant_pitch.dir/dual_quant_pitch.cpp.o
                0x200046c4                DualQuantPitch::majorScale
 *fill*         0x200046cb        0x1 
 .rodata._ZN12ComputerCard4ledsE
                0x200046cc        0x6 CMakeFiles/dual_quant_pitch.dir/dual_quant_pitch.cpp.o
                0x200046cc                ComputerCard::leds
 .rodata.panic.str1.4
                0x200046d2        0x0 CMakeFiles/dual_quant_pitch.dir/Users/adrianvos/pico-sdk/src/rp2_common/pico_platform_panic/panic.c.o
                                 0x12 (size before relaxing)
 .rodata.timer_hardware_alarm_claim.str1.4
                0x200046d2        0x0 CMakeFiles/dual_quant_pitch.dir/Users/adrianvos/pico-sdk/src/rp2_common/hardware_timer/timer.c.o
                                 0x22 (size before relaxing)
 .rodata.hard_assertion_failure.str1.4
                0x200046d2        0x0 CMakeFiles/dual_quant_pitch.dir/Users/adrianvos/pico-sdk/src/rp2_common/pico_runtime/runtime.c.o
                                  0xc (size before relaxing)
 .rodata.str1.4
                0x200046d2        0x0 CMakeFiles/dual_quant_pitch.dir/Users/adrianvos/pico-sdk/src/rp2_common/pico_standard_binary_info/standard_binary_info.c.o
                                 0x48 (size before relaxing)
 *fill*         0x200046d2        0x2 
 .rodata.__bi_84
                0x200046d4        0xc CMakeFiles/dual_quant_pitch.dir/Users/adrianvos/pico-sdk/src/rp2_common/pico_standard_binary_info/standard_binary_info.c.o
 .rodata.__bi_78
                0x200046e0        0xc CMakeFiles/dual_quant_pitch.dir/Users/adrianvos/pico-sdk/src/rp2_common/pico_standard_binary_info/standard_binary_info.c.o
 .rodata.__bi_54
                0x200046ec        0xc CMakeFiles/dual_quant_pitch.dir/Users/adrianvos/pico-sdk/src/rp2_common/pico_standard_binary_info/standard_binary_info.c.o
 .rodata.__bi_48
                0x200046f8        0xc CMakeFiles/dual_quant_pitch.dir/Users/adrianvos/pico-sdk/src/rp2_common/pico_standard_binary_info/standard_binary_info.c.o
 .rodata.__bi_42
                0x20004704        0xc CMakeFiles/dual_quant_pitch.dir/Users/adrianvos/pico-sdk/src/rp2_common/pico_standard_binary_info/standard_binary_info.c.o
 .rodata.__bi_34
                0x20004710        0xc CMakeFiles/dual_quant_pitch.dir/Users/adrianvos/pico-sdk/src/rp2_common/pico_standard_binary_info/standard_binary_info.c.o
 .rodata.__bi_26
                0x2000471c        0xc CMakeFiles/dual_quant_pitch.dir/Users/adrianvos/pico-sdk/src/rp2_common/pico_standard_binary_info/standard_binary_info.c.o
 .rodata.crlf_str.0
                0x20004728        0x2 CMakeFiles/dual_quant_pitch.dir/Users/adrianvos/pico-sdk/src/rp2_common/pico_stdio/stdio.c.o
 .rodata.dma_claim_unused_channel.str1.4
                0x2000472a        0x0 CMakeFiles/dual_quant_pitch.dir/Users/adrianvos/pico-sdk/src/rp2_common/hardware_dma/dma.c.o
                                 0x1e (size before relaxing)
                0x2000472c                        . = ALIGN (0x4)
 *fill*         0x2000472a        0x2 
 *(.data*)
 .data._ZZN12ComputerCard10BufferFullEvE14startupCounter
                0x2000472c        0x4 CMakeFiles/dual_quant_pitch.dir/dual_quant_pitch.cpp.o
 .data._ZZN12ComputerCard15next_norm_probeEvE8lcg_seed
                0x20004730        0x4 CMakeFiles/dual_quant_pitch.dir/dual_quant_pitch.cpp.o
 .data._ZN12ComputerCard7cvValueE
                0x20004734        0x8 CMakeFiles/dual_quant_pitch.dir/dual_quant_pitch.cpp.o
                0x20004734                ComputerCard::cvValue
 .data.striped_spin_lock_num
                0x2000473c        0x1 CMakeFiles/dual_quant_pitch.dir/Users/adrianvos/pico-sdk/src/rp2_common/hardware_sync/sync.c.o
 *fill*         0x2000473d        0x3 
 .data          0x20004740       0x48 CMakeFiles/dual_quant_pitch.dir/Users/adrianvos/pico-sdk/src/rp2_common/hardware_irq/irq_handler_chain.S.o
                0x20004740                irq_handler_chain_slots
                0x20004770                irq_handler_chain_first_slot
                0x2000477a                irq_handler_chain_remove_tail
 .data.default_alarm_pool
                0x20004788       0x18 CMakeFiles/dual_quant_pitch.dir/Users/adrianvos/pico-sdk/src/common/pico_time/time.c.o
 .data.aeabi_bits_funcs
                0x200047a0       0x10 CMakeFiles/dual_quant_pitch.dir/Users/adrianvos/pico-sdk/src/rp2_common/pico_bit_ops/bit_ops_aeabi.S.o
                0x200047a0                aeabi_bits_funcs
                0x200047b0                aeabi_bits_funcs_end
 .data.aeabi_mem_funcs
                0x200047b0       0x10 CMakeFiles/dual_quant_pitch.dir/Users/adrianvos/pico-sdk/src/rp2_common/pico_mem_ops/mem_ops_aeabi.S.o
                0x200047b0                aeabi_mem_funcs
                0x200047c0                aeabi_mem_funcs_end
 .data.i2c0_inst
                0x200047c0        0x8 CMakeFiles/dual_quant_pitch.dir/Users/adrianvos/pico-sdk/src/rp2_common/hardware_i2c/i2c.c.o
                0x200047c0                i2c0_inst
                0x200047c8                        . = ALIGN (0x4)
 *(.after_data.*)
                0x200047c8                        . = ALIGN (0x4)
                0x200047c8                        PROVIDE (__mutex_array_start = .)
 *(SORT_BY_NAME(.mutex_array.*))
 *(.mutex_array)
 .mutex_array   0x200047c8        0x8 CMakeFiles/dual_quant_pitch.dir/Users/adrianvos/pico-sdk/src/rp2_common/pico_stdio/stdio.c.o
                0x200047d0                        PROVIDE (__mutex_array_end = .)
                0x200047d0                        . = ALIGN (0x4)
                0x200047d0                        PROVIDE (__preinit_array_start = .)
 *(SORT_BY_NAME(.preinit_array.*))
 .preinit_array.00100
                0x200047d0        0x4 CMakeFiles/dual_quant_pitch.dir/Users/adrianvos/pico-sdk/src/rp2_common/pico_runtime_init/runtime_init.c.o
                0x200047d0                __pre_init_runtime_init_early_resets
 .preinit_array.00101
                0x200047d4        0x4 CMakeFiles/dual_quant_pitch.dir/Users/adrianvos/pico-sdk/src/rp2_common/pico_runtime_init/runtime_init.c.o
                0x200047d4                __pre_init_runtime_init_usb_power_down
 .preinit_array.00275
                0x200047d8        0x4 CMakeFiles/dual_quant_pitch.dir/Users/adrianvos/pico-sdk/src/rp2_common/pico_bit_ops/bit_ops_aeabi.S.o
 .preinit_array.00300
                0x200047dc        0x4 CMakeFiles/dual_quant_pitch.dir/Users/adrianvos/pico-sdk/src/rp2_common/pico_mem_ops/mem_ops_aeabi.S.o
 .preinit_array.00350
                0x200047e0        0x4 CMakeFiles/dual_quant_pitch.dir/Users/adrianvos/pico-sdk/src/rp2_common/pico_double/double_aeabi_rp2040.S.o
 .preinit_array.00350
                0x200047e4        0x4 CMakeFiles/dual_quant_pitch.dir/Users/adrianvos/pico-sdk/src/rp2_common/pico_float/float_aeabi_rp2040.S.o
 .preinit_array.00500
                0x200047e8        0x4 CMakeFiles/dual_quant_pitch.dir/Users/adrianvos/pico-sdk/src/rp2_common/pico_runtime_init/runtime_init.c.o
                0x200047e8                __pre_init_runtime_init_clocks
 .preinit_array.00600
                0x200047ec        0x4 CMakeFiles/dual_quant_pitch.dir/Users/adrianvos/pico-sdk/src/rp2_common/pico_runtime_init/runtime_init.c.o
                0x200047ec                __pre_init_runtime_init_post_clock_resets
 .preinit_array.00700
                0x200047f0        0x4 CMakeFiles/dual_quant_pitch.dir/Users/adrianvos/pico-sdk/src/rp2_common/pico_runtime_init/runtime_init.c.o
                0x200047f0                __pre_init_runtime_init_rp2040_gpio_ie_disable
 .preinit_array.01000
                0x200047f4        0x4 CMakeFiles/dual_quant_pitch.dir/Users/adrianvos/pico-sdk/src/rp2_common/pico_runtime_init/runtime_init.c.o
                0x200047f4                __pre_init_runtime_init_spin_locks_reset
 .preinit_array.01100
                0x200047f8        0x4 CMakeFiles/dual_quant_pitch.dir/Users/adrianvos/pico-sdk/src/common/pico_sync/mutex.c.o
                0x200047f8                __pre_init_runtime_init_mutex
 .preinit_array.10080
                0x200047fc        0x4 CMakeFiles/dual_quant_pitch.dir/Users/adrianvos/pico-sdk/src/rp2_common/pico_runtime_init/runtime_init.c.o
                0x200047fc                __pre_init_runtime_init_install_ram_vector_table
 .preinit_array.11000
                0x20004800        0x4 CMakeFiles/dual_quant_pitch.dir/Users/adrianvos/pico-sdk/src/common/pico_time/time.c.o
                0x20004800                __pre_init_runtime_init_default_alarm_pool
 .preinit_array.YYYYY
                0x20004804        0x4 CMakeFiles/dual_quant_pitch.dir/Users/adrianvos/pico-sdk/src/rp2_common/pico_runtime/runtime.c.o
                0x20004804                __pre_init_first_per_core_initializer
 .preinit_array.ZZZZZ.01200
                0x20004808        0x4 CMakeFiles/dual_quant_pitch.dir/Users/adrianvos/pico-sdk/src/rp2_common/hardware_irq/irq.c.o
                0x20004808                __pre_init_runtime_init_per_core_irq_priorities
 *(.preinit_array)
                0x2000480c                        PROVIDE (__preinit_array_end = .)
                0x2000480c                        . = ALIGN (0x4)
                0x2000480c                        PROVIDE (__init_array_start = .)
 *(SORT_BY_NAME(.init_array.*))
 .init_array.01000
                0x2000480c        0x4 CMakeFiles/dual_quant_pitch.dir/Users/adrianvos/pico-sdk/src/rp2_common/pico_unique_id/unique_id.c.o
 *(.init_array)
 .init_array    0x20004810        0x4 /Applications/ArmGNUToolchain/15.2.rel1/arm-none-eabi/bin/../lib/gcc/arm-none-eabi/15.2.1/thumb/v6-m/nofp/crtbegin.o
                0x20004814                        PROVIDE (__init_array_end = .)
                0x20004814                        . = ALIGN (0x4)
                [!provide]                        PROVIDE (__fini_array_start = .)
 *(SORT_BY_NAME(.fini_array.*))
 *(.fini_array)
                [!provide]                        PROVIDE (__fini_array_end = .)
 *(.jcr)
                0x20004814                        . = ALIGN (0x4)

.tm_clone_table
                0x20004814        0x0 load address 0x100049f8
 .tm_clone_table
                0x20004814        0x0 /Applications/ArmGNUToolchain/15.2.rel1/arm-none-eabi/bin/../lib/gcc/arm-none-eabi/15.2.1/thumb/v6-m/nofp/crtbegin.o
 .tm_clone_table
                0x20004814        0x0 /Applications/ArmGNUToolchain/15.2.rel1/arm-none-eabi/bin/../lib/gcc/arm-none-eabi/15.2.1/thumb/v6-m/nofp/crtend.o

.igot.plt       0x20004814        0x0 load address 0x100049f8
 .igot.plt      0x20004814        0x0 /Applications/ArmGNUToolchain/15.2.rel1/arm-none-eabi/bin/../lib/gcc/arm-none-eabi/15.2.1/thumb/v6-m/nofp/crtbegin.o

.tdata          0x20004814        0x0 load address 0x100049f8
                0x20004814                        . = ALIGN (0x4)
 *(.tdata .tdata.* .gnu.linkonce.td.*)
                0x20004814                        __tdata_end = .
                0x20004814                        PROVIDE (__data_end__ = .)
                0x10003c54                        __etext = LOADADDR (.data)

.tbss           0x20004814        0x0 load address 0x100049f8
                0x20004814                        . = ALIGN (0x4)
                0x20004814                        __bss_start__ = .
                0x20004814                        __tls_base = .
 *(.tbss .tbss.* .gnu.linkonce.tb.*)
 *(.tcommon)
                0x20004814                        __tls_end = .

.bss            0x20004818      0x524 load address 0x100049f8
                0x20004818                        . = ALIGN (0x4)
                0x20004818                        __tbss_end = .
 *(SORT_BY_ALIGNMENT(SORT_BY_NAME(.bss*)))
 .bss.default_alarm_pool_entries
                0x20004818      0x180 CMakeFiles/dual_quant_pitch.dir/Users/adrianvos/pico-sdk/src/common/pico_time/time.c.o
 .bss.sd_table  0x20004998      0x100 CMakeFiles/dual_quant_pitch.dir/Users/adrianvos/pico-sdk/src/rp2_common/pico_double/double_init_rom_rp2040.c.o
                0x20004998                sd_table
 .bss.sf_table  0x20004a98      0x100 CMakeFiles/dual_quant_pitch.dir/Users/adrianvos/pico-sdk/src/rp2_common/pico_float/float_init_rom_rp2040.c.o
                0x20004a98                sf_table
 .bss._ZN12ComputerCard7thisptrE
                0x20004b98        0x4 CMakeFiles/dual_quant_pitch.dir/dual_quant_pitch.cpp.o
                0x20004b98                ComputerCard::thisptr
 .bss._ZZN12ComputerCard10BufferFullEvE16norm_probe_count
                0x20004b9c        0x4 CMakeFiles/dual_quant_pitch.dir/dual_quant_pitch.cpp.o
 .bss._ZZN12ComputerCard10BufferFullEvE2np
                0x20004ba0        0x4 CMakeFiles/dual_quant_pitch.dir/dual_quant_pitch.cpp.o
 .bss._ZZN12ComputerCard10BufferFullEvE4cvsm
                0x20004ba4        0x8 CMakeFiles/dual_quant_pitch.dir/dual_quant_pitch.cpp.o
 .bss._ZZN12ComputerCard10BufferFullEvE7knobssm
                0x20004bac       0x10 CMakeFiles/dual_quant_pitch.dir/dual_quant_pitch.cpp.o
 .bss._ZZN12ComputerCard10BufferFullEvE9mux_state
                0x20004bbc        0x4 CMakeFiles/dual_quant_pitch.dir/dual_quant_pitch.cpp.o
 .bss._ZZN12ComputerCard11OnCVPWMWrapEvE6error1
                0x20004bc0        0x4 CMakeFiles/dual_quant_pitch.dir/dual_quant_pitch.cpp.o
                0x20004bc0                ComputerCard::OnCVPWMWrap()::error1
 .bss._ZZN12ComputerCard11OnCVPWMWrapEvE6error2
                0x20004bc4        0x4 CMakeFiles/dual_quant_pitch.dir/dual_quant_pitch.cpp.o
                0x20004bc4                ComputerCard::OnCVPWMWrap()::error2
 .bss.boot2_copyout
                0x20004bc8      0x100 CMakeFiles/dual_quant_pitch.dir/Users/adrianvos/pico-sdk/src/rp2_common/hardware_flash/flash.c.o
 .bss.claimed   0x20004cc8        0x1 CMakeFiles/dual_quant_pitch.dir/Users/adrianvos/pico-sdk/src/rp2_common/hardware_timer/timer.c.o
 *fill*         0x20004cc9        0x3 
 .bss.configured_freq
                0x20004ccc       0x28 CMakeFiles/dual_quant_pitch.dir/Users/adrianvos/pico-sdk/src/rp2_common/hardware_clocks/clocks.c.o
 .bss.drivers   0x20004cf4        0x4 CMakeFiles/dual_quant_pitch.dir/Users/adrianvos/pico-sdk/src/rp2_common/pico_stdio/stdio.c.o
 .bss.filter    0x20004cf8        0x4 CMakeFiles/dual_quant_pitch.dir/Users/adrianvos/pico-sdk/src/rp2_common/pico_stdio/stdio.c.o
 .bss.lazy_vsnprintf
                0x20004cfc        0x4 CMakeFiles/dual_quant_pitch.dir/Users/adrianvos/pico-sdk/src/rp2_common/pico_printf/printf.c.o
 .bss.object.0  0x20004d00       0x18 /Applications/ArmGNUToolchain/15.2.rel1/arm-none-eabi/bin/../lib/gcc/arm-none-eabi/15.2.1/thumb/v6-m/nofp/crtbegin.o
 .bss.pools     0x20004d18       0x10 CMakeFiles/dual_quant_pitch.dir/Users/adrianvos/pico-sdk/src/common/pico_time/time.c.o
 .bss.retrieved_id
                0x20004d28        0x8 CMakeFiles/dual_quant_pitch.dir/Users/adrianvos/pico-sdk/src/rp2_common/pico_unique_id/unique_id.c.o
 .bss.sf_clz_func
                0x20004d30        0x4 CMakeFiles/dual_quant_pitch.dir/Users/adrianvos/pico-sdk/src/rp2_common/pico_double/double_init_rom_rp2040.c.o
                0x20004d30                sf_clz_func
 .bss.sleep_notifier
                0x20004d34        0x4 CMakeFiles/dual_quant_pitch.dir/Users/adrianvos/pico-sdk/src/common/pico_time/time.c.o
 .bss._claimed  0x20004d38        0x2 CMakeFiles/dual_quant_pitch.dir/Users/adrianvos/pico-sdk/src/rp2_common/hardware_dma/dma.c.o
 .bss.boot2_copyout_valid
                0x20004d3a        0x1 CMakeFiles/dual_quant_pitch.dir/Users/adrianvos/pico-sdk/src/rp2_common/hardware_flash/flash.c.o
 .bss.irq_handler_chain_free_slot_head
                0x20004d3b        0x1 CMakeFiles/dual_quant_pitch.dir/Users/adrianvos/pico-sdk/src/rp2_common/hardware_irq/irq.c.o
 *(COMMON)
                0x20004d3c                        . = ALIGN (0x4)
                0x20004d3c                        __bss_end__ = .

.heap           0x20004d3c      0x800 load address 0x100049f8
                0x20004d3c                        __end__ = .
                0x20004d3c                        end = __end__
 *(.heap*)
 .heap          0x20004d3c      0x800 CMakeFiles/dual_quant_pitch.dir/Users/adrianvos/pico-sdk/src/rp2_common/pico_crt0/crt0.S.o
                0x20040000                        __HeapLimit = (ORIGIN (RAM) + LENGTH (RAM))

.scratch_x      0x20040000        0x0 load address 0x100049f8
                0x20040000                        __scratch_x_start__ = .
 *(.scratch_x.*)
                0x20040000                        . = ALIGN (0x4)
                0x20040000                        __scratch_x_end__ = .
                0x100049f8                        __scratch_x_source__ = LOADADDR (.scratch_x)

.scratch_y      0x20041000        0x0 load address 0x100049f8
                0x20041000                        __scratch_y_start__ = .
 *(.scratch_y.*)
                0x20041000                        . = ALIGN (0x4)
                0x20041000                        __scratch_y_end__ = .
                0x100049f8                        __scratch_y_source__ = LOADADDR (.scratch_y)

.stack1_dummy
 *(.stack1*)

.stack_dummy    0x20041000      0x800
 *(.stack*)
 .stack         0x20041000      0x800 CMakeFiles/dual_quant_pitch.dir/Users/adrianvos/pico-sdk/src/rp2_common/pico_crt0/crt0.S.o

.rel.dyn        0x20041800        0x0
 .rel.iplt      0x20041800        0x0 /Applications/ArmGNUToolchain/15.2.rel1/arm-none-eabi/bin/../lib/gcc/arm-none-eabi/15.2.1/thumb/v6-m/nofp/crtbegin.o

.flash_end      0x100049f8        0x0
 *(.embedded_end_block*)
                0x100049f8                        PROVIDE (__flash_binary_end = .)
                0x20040000                        __StackLimit = (ORIGIN (RAM) + LENGTH (RAM))
                0x20041000                        __StackOneTop = (ORIGIN (SCRATCH_X) + LENGTH (SCRATCH_X))
                0x20042000                        __StackTop = (ORIGIN (SCRATCH_Y) + LENGTH (SCRATCH_Y))
                0x20041000                        __StackOneBottom = (__StackOneTop - SIZEOF (.stack1_dummy))
                0x20041800                        __StackBottom = (__StackTop - SIZEOF (.stack_dummy))
                0x20042000                        PROVIDE (__stack = __StackTop)
                [!provide]                        PROVIDE (__heap_start = __end__)
                [!provide]                        PROVIDE (__heap_end = __HeapLimit)
                [!provide]                        PROVIDE (__tls_align = MAX (ALIGNOF (.tdata), ALIGNOF (.tbss)))
                [!provide]                        PROVIDE (__tls_size_align = (((__tls_size + __tls_align) - 0x1) & ~ ((__tls_align - 0x1))))
                [!provide]                        PROVIDE (__arm32_tls_tcb_offset = MAX (0x8, __tls_align))
                [!provide]                        PROVIDE (_end = __end__)
                [!provide]                        PROVIDE (__llvm_libc_heap_limit = __HeapLimit)
                0x00000001                        ASSERT ((__StackLimit >= __HeapLimit), region RAM overflowed)
                0x00000001                        ASSERT (((__binary_info_header_end - __logical_binary_start) <= 0x100), Binary info must be in first 256 bytes of the binary)
LOAD CMakeFiles/dual_quant_pitch.dir/dual_quant_pitch.cpp.o
LOAD CMakeFiles/dual_quant_pitch.dir/Users/adrianvos/pico-sdk/src/rp2_common/pico_stdlib/stdlib.c.o
LOAD CMakeFiles/dual_quant_pitch.dir/Users/adrianvos/pico-sdk/src/rp2_common/hardware_gpio/gpio.c.o
LOAD CMakeFiles/dual_quant_pitch.dir/Users/adrianvos/pico-sdk/src/rp2040/pico_platform/platform.c.o
LOAD CMakeFiles/dual_quant_pitch.dir/Users/adrianvos/pico-sdk/src/rp2_common/pico_platform_common/common.c.o
LOAD CMakeFiles/dual_quant_pitch.dir/Users/adrianvos/pico-sdk/src/rp2_common/pico_platform_panic/panic.c.o
LOAD CMakeFiles/dual_quant_pitch.dir/Users/adrianvos/pico-sdk/src/common/hardware_claim/claim.c.o
LOAD CMakeFiles/dual_quant_pitch.dir/Users/adrianvos/pico-sdk/src/rp2_common/hardware_sync/sync.c.o
LOAD CMakeFiles/dual_quant_pitch.dir/Users/adrianvos/pico-sdk/src/rp2_common/hardware_sync_spin_lock/sync_spin_lock.c.o
LOAD CMakeFiles/dual_quant_pitch.dir/Users/adrianvos/pico-sdk/src/rp2_common/hardware_irq/irq.c.o
LOAD CMakeFiles/dual_quant_pitch.dir/Users/adrianvos/pico-sdk/src/rp2_common/hardware_irq/irq_handler_chain.S.o
LOAD CMakeFiles/dual_quant_pitch.dir/Users/adrianvos/pico-sdk/src/common/pico_sync/sem.c.o
LOAD CMakeFiles/dual_quant_pitch.dir/Users/adrianvos/pico-sdk/src/common/pico_sync/lock_core.c.o
LOAD CMakeFiles/dual_quant_pitch.dir/Users/adrianvos/pico-sdk/src/common/pico_sync/mutex.c.o
LOAD CMakeFiles/dual_quant_pitch.dir/Users/adrianvos/pico-sdk/src/common/pico_sync/critical_section.c.o
LOAD CMakeFiles/dual_quant_pitch.dir/Users/adrianvos/pico-sdk/src/common/pico_time/time.c.o
LOAD CMakeFiles/dual_quant_pitch.dir/Users/adrianvos/pico-sdk/src/common/pico_time/timeout_helper.c.o
LOAD CMakeFiles/dual_quant_pitch.dir/Users/adrianvos/pico-sdk/src/rp2_common/hardware_timer/timer.c.o
LOAD CMakeFiles/dual_quant_pitch.dir/Users/adrianvos/pico-sdk/src/common/pico_util/datetime.c.o
LOAD CMakeFiles/dual_quant_pitch.dir/Users/adrianvos/pico-sdk/src/common/pico_util/pheap.c.o
LOAD CMakeFiles/dual_quant_pitch.dir/Users/adrianvos/pico-sdk/src/common/pico_util/queue.c.o
LOAD CMakeFiles/dual_quant_pitch.dir/Users/adrianvos/pico-sdk/src/rp2_common/hardware_uart/uart.c.o
LOAD CMakeFiles/dual_quant_pitch.dir/Users/adrianvos/pico-sdk/src/rp2_common/hardware_clocks/clocks.c.o
LOAD CMakeFiles/dual_quant_pitch.dir/Users/adrianvos/pico-sdk/src/rp2_common/hardware_pll/pll.c.o
LOAD CMakeFiles/dual_quant_pitch.dir/Users/adrianvos/pico-sdk/src/rp2_common/hardware_vreg/vreg.c.o
LOAD CMakeFiles/dual_quant_pitch.dir/Users/adrianvos/pico-sdk/src/rp2_common/hardware_watchdog/watchdog.c.o
LOAD CMakeFiles/dual_quant_pitch.dir/Users/adrianvos/pico-sdk/src/rp2_common/hardware_ticks/ticks.c.o
LOAD CMakeFiles/dual_quant_pitch.dir/Users/adrianvos/pico-sdk/src/rp2_common/pico_bootrom/bootrom.c.o
LOAD CMakeFiles/dual_quant_pitch.dir/Users/adrianvos/pico-sdk/src/rp2_common/pico_bootrom/bootrom_lock.c.o
LOAD CMakeFiles/dual_quant_pitch.dir/Users/adrianvos/pico-sdk/src/rp2_common/hardware_boot_lock/boot_lock.c.o
LOAD CMakeFiles/dual_quant_pitch.dir/Users/adrianvos/pico-sdk/src/rp2_common/pico_flash/flash.c.o
LOAD CMakeFiles/dual_quant_pitch.dir/Users/adrianvos/pico-sdk/src/rp2_common/hardware_xosc/xosc.c.o
LOAD CMakeFiles/dual_quant_pitch.dir/Users/adrianvos/pico-sdk/src/rp2_common/hardware_divider/divider.S.o
LOAD CMakeFiles/dual_quant_pitch.dir/Users/adrianvos/pico-sdk/src/rp2_common/pico_runtime/runtime.c.o
LOAD CMakeFiles/dual_quant_pitch.dir/Users/adrianvos/pico-sdk/src/rp2_common/pico_runtime_init/runtime_init.c.o
LOAD CMakeFiles/dual_quant_pitch.dir/Users/adrianvos/pico-sdk/src/rp2_common/pico_runtime_init/runtime_init_clocks.c.o
LOAD CMakeFiles/dual_quant_pitch.dir/Users/adrianvos/pico-sdk/src/rp2_common/pico_runtime_init/runtime_init_stack_guard.c.o
LOAD CMakeFiles/dual_quant_pitch.dir/Users/adrianvos/pico-sdk/src/rp2_common/pico_bit_ops/bit_ops_aeabi.S.o
LOAD CMakeFiles/dual_quant_pitch.dir/Users/adrianvos/pico-sdk/src/rp2_common/pico_divider/divider_hardware.S.o
LOAD CMakeFiles/dual_quant_pitch.dir/Users/adrianvos/pico-sdk/src/rp2_common/pico_double/double_aeabi_rp2040.S.o
LOAD CMakeFiles/dual_quant_pitch.dir/Users/adrianvos/pico-sdk/src/rp2_common/pico_double/double_init_rom_rp2040.c.o
LOAD CMakeFiles/dual_quant_pitch.dir/Users/adrianvos/pico-sdk/src/rp2_common/pico_double/double_math.c.o
LOAD CMakeFiles/dual_quant_pitch.dir/Users/adrianvos/pico-sdk/src/rp2_common/pico_double/double_v1_rom_shim_rp2040.S.o
LOAD CMakeFiles/dual_quant_pitch.dir/Users/adrianvos/pico-sdk/src/rp2_common/pico_int64_ops/pico_int64_ops_aeabi.S.o
LOAD CMakeFiles/dual_quant_pitch.dir/Users/adrianvos/pico-sdk/src/rp2_common/pico_float/float_aeabi_rp2040.S.o
LOAD CMakeFiles/dual_quant_pitch.dir/Users/adrianvos/pico-sdk/src/rp2_common/pico_float/float_init_rom_rp2040.c.o
LOAD CMakeFiles/dual_quant_pitch.dir/Users/adrianvos/pico-sdk/src/rp2_common/pico_float/float_math.c.o
LOAD CMakeFiles/dual_quant_pitch.dir/Users/adrianvos/pico-sdk/src/rp2_common/pico_float/float_v1_rom_shim_rp2040.S.o
LOAD CMakeFiles/dual_quant_pitch.dir/Users/adrianvos/pico-sdk/src/rp2_common/pico_malloc/malloc.c.o
LOAD CMakeFiles/dual_quant_pitch.dir/Users/adrianvos/pico-sdk/src/rp2_common/pico_mem_ops/mem_ops_aeabi.S.o
LOAD CMakeFiles/dual_quant_pitch.dir/Users/adrianvos/pico-sdk/src/rp2_common/pico_atomic/atomic.c.o
LOAD CMakeFiles/dual_quant_pitch.dir/Users/adrianvos/pico-sdk/src/rp2_common/pico_cxx_options/new_delete.cpp.o
LOAD CMakeFiles/dual_quant_pitch.dir/Users/adrianvos/pico-sdk/src/rp2_common/pico_standard_binary_info/standard_binary_info.c.o
LOAD CMakeFiles/dual_quant_pitch.dir/Users/adrianvos/pico-sdk/src/rp2_common/pico_printf/printf.c.o
LOAD CMakeFiles/dual_quant_pitch.dir/Users/adrianvos/pico-sdk/src/rp2_common/pico_crt0/crt0.S.o
LOAD CMakeFiles/dual_quant_pitch.dir/Users/adrianvos/pico-sdk/src/rp2_common/pico_clib_interface/newlib_interface.c.o
LOAD CMakeFiles/dual_quant_pitch.dir/Users/adrianvos/pico-sdk/src/rp2_common/pico_stdio/stdio.c.o
LOAD CMakeFiles/dual_quant_pitch.dir/Users/adrianvos/pico-sdk/src/rp2_common/pico_unique_id/unique_id.c.o
LOAD CMakeFiles/dual_quant_pitch.dir/Users/adrianvos/pico-sdk/src/rp2_common/hardware_flash/flash.c.o
LOAD CMakeFiles/dual_quant_pitch.dir/Users/adrianvos/pico-sdk/src/rp2_common/hardware_xip_cache/xip_cache.c.o
LOAD CMakeFiles/dual_quant_pitch.dir/Users/adrianvos/pico-sdk/src/rp2_common/hardware_adc/adc.c.o
LOAD CMakeFiles/dual_quant_pitch.dir/Users/adrianvos/pico-sdk/src/rp2_common/hardware_spi/spi.c.o
LOAD CMakeFiles/dual_quant_pitch.dir/Users/adrianvos/pico-sdk/src/rp2_common/hardware_dma/dma.c.o
LOAD CMakeFiles/dual_quant_pitch.dir/Users/adrianvos/pico-sdk/src/rp2_common/hardware_i2c/i2c.c.o
LOAD pico-sdk/src/rp2040/boot_stage2/CMakeFiles/bs2_default_library.dir/bs2_default_padded_checksummed.S.o
LOAD /Applications/ArmGNUToolchain/15.2.rel1/arm-none-eabi/bin/../lib/gcc/arm-none-eabi/15.2.1/../../../../arm-none-eabi/lib/thumb/v6-m/nofp/libstdc++.a
LOAD /Applications/ArmGNUToolchain/15.2.rel1/arm-none-eabi/bin/../lib/gcc/arm-none-eabi/15.2.1/../../../../arm-none-eabi/lib/thumb/v6-m/nofp/libm.a
START GROUP
LOAD /Applications/ArmGNUToolchain/15.2.rel1/arm-none-eabi/bin/../lib/gcc/arm-none-eabi/15.2.1/thumb/v6-m/nofp/libgcc.a
LOAD /Applications/ArmGNUToolchain/15.2.rel1/arm-none-eabi/bin/../lib/gcc/arm-none-eabi/15.2.1/../../../../arm-none-eabi/lib/thumb/v6-m/nofp/libg.a
LOAD /Applications/ArmGNUToolchain/15.2.rel1/arm-none-eabi/bin/../lib/gcc/arm-none-eabi/15.2.1/../../../../arm-none-eabi/lib/thumb/v6-m/nofp/libc.a
END GROUP
START GROUP
LOAD /Applications/ArmGNUToolchain/15.2.rel1/arm-none-eabi/bin/../lib/gcc/arm-none-eabi/15.2.1/thumb/v6-m/nofp/libgcc.a
LOAD /Applications/ArmGNUToolchain/15.2.rel1/arm-none-eabi/bin/../lib/gcc/arm-none-eabi/15.2.1/../../../../arm-none-eabi/lib/thumb/v6-m/nofp/libc.a
LOAD /Applications/ArmGNUToolchain/15.2.rel1/arm-none-eabi/bin/../lib/gcc/arm-none-eabi/15.2.1/../../../../arm-none-eabi/lib/thumb/v6-m/nofp/libnosys.a
END GROUP
LOAD /Applications/ArmGNUToolchain/15.2.rel1/arm-none-eabi/bin/../lib/gcc/arm-none-eabi/15.2.1/thumb/v6-m/nofp/crtend.o
LOAD /Applications/ArmGNUToolchain/15.2.rel1/arm-none-eabi/bin/../lib/gcc/arm-none-eabi/15.2.1/thumb/v6-m/nofp/crtn.o
OUTPUT(dual_quant_pitch.elf elf32-littlearm)
LOAD linker stubs

.ARM.attributes
                0x00000000       0x28
 .ARM.attributes
                0x00000000       0x1e /Applications/ArmGNUToolchain/15.2.rel1/arm-none-eabi/bin/../lib/gcc/arm-none-eabi/15.2.1/thumb/v6-m/nofp/crti.o
 .ARM.attributes
                0x0000001e       0x2c /Applications/ArmGNUToolchain/15.2.rel1/arm-none-eabi/bin/../lib/gcc/arm-none-eabi/15.2.1/thumb/v6-m/nofp/crtbegin.o
 .ARM.attributes
                0x0000004a       0x2c CMakeFiles/dual_quant_pitch.dir/dual_quant_pitch.cpp.o
 .ARM.attributes
                0x00000076       0x2c CMakeFiles/dual_quant_pitch.dir/Users/adrianvos/pico-sdk/src/rp2_common/hardware_gpio/gpio.c.o
 .ARM.attributes
                0x000000a2       0x2c CMakeFiles/dual_quant_pitch.dir/Users/adrianvos/pico-sdk/src/rp2_common/pico_platform_panic/panic.c.o
 .ARM.attributes
                0x000000ce       0x2c CMakeFiles/dual_quant_pitch.dir/Users/adrianvos/pico-sdk/src/common/hardware_claim/claim.c.o
 .ARM.attributes
                0x000000fa       0x2c CMakeFiles/dual_quant_pitch.dir/Users/adrianvos/pico-sdk/src/rp2_common/hardware_sync/sync.c.o
 .ARM.attributes
                0x00000126       0x2c CMakeFiles/dual_quant_pitch.dir/Users/adrianvos/pico-sdk/src/rp2_common/hardware_sync_spin_lock/sync_spin_lock.c.o
 .ARM.attributes
                0x00000152       0x2c CMakeFiles/dual_quant_pitch.dir/Users/adrianvos/pico-sdk/src/rp2_common/hardware_irq/irq.c.o
 .ARM.attributes
                0x0000017e       0x22 CMakeFiles/dual_quant_pitch.dir/Users/adrianvos/pico-sdk/src/rp2_common/hardware_irq/irq_handler_chain.S.o
 .ARM.attributes
                0x000001a0       0x2c CMakeFiles/dual_quant_pitch.dir/Users/adrianvos/pico-sdk/src/common/pico_sync/lock_core.c.o
 .ARM.attributes
                0x000001cc       0x2c CMakeFiles/dual_quant_pitch.dir/Users/adrianvos/pico-sdk/src/common/pico_sync/mutex.c.o
 .ARM.attributes
                0x000001f8       0x2c CMakeFiles/dual_quant_pitch.dir/Users/adrianvos/pico-sdk/src/common/pico_time/time.c.o
 .ARM.attributes
                0x00000224       0x2c CMakeFiles/dual_quant_pitch.dir/Users/adrianvos/pico-sdk/src/common/pico_time/timeout_helper.c.o
 .ARM.attributes
                0x00000250       0x2c CMakeFiles/dual_quant_pitch.dir/Users/adrianvos/pico-sdk/src/rp2_common/hardware_timer/timer.c.o
 .ARM.attributes
                0x0000027c       0x2c CMakeFiles/dual_quant_pitch.dir/Users/adrianvos/pico-sdk/src/rp2_common/hardware_clocks/clocks.c.o
 .ARM.attributes
                0x000002a8       0x2c CMakeFiles/dual_quant_pitch.dir/Users/adrianvos/pico-sdk/src/rp2_common/hardware_pll/pll.c.o
 .ARM.attributes
                0x000002d4       0x2c CMakeFiles/dual_quant_pitch.dir/Users/adrianvos/pico-sdk/src/rp2_common/hardware_ticks/ticks.c.o
 .ARM.attributes
                0x00000300       0x2c CMakeFiles/dual_quant_pitch.dir/Users/adrianvos/pico-sdk/src/rp2_common/pico_bootrom/bootrom.c.o
 .ARM.attributes
                0x0000032c       0x2c CMakeFiles/dual_quant_pitch.dir/Users/adrianvos/pico-sdk/src/rp2_common/hardware_xosc/xosc.c.o
 .ARM.attributes
                0x00000358       0x2c CMakeFiles/dual_quant_pitch.dir/Users/adrianvos/pico-sdk/src/rp2_common/pico_runtime/runtime.c.o
 .ARM.attributes
                0x00000384       0x2c CMakeFiles/dual_quant_pitch.dir/Users/adrianvos/pico-sdk/src/rp2_common/pico_runtime_init/runtime_init.c.o
 .ARM.attributes
                0x000003b0       0x2c CMakeFiles/dual_quant_pitch.dir/Users/adrianvos/pico-sdk/src/rp2_common/pico_runtime_init/runtime_init_clocks.c.o
 .ARM.attributes
                0x000003dc       0x22 CMakeFiles/dual_quant_pitch.dir/Users/adrianvos/pico-sdk/src/rp2_common/pico_bit_ops/bit_ops_aeabi.S.o
 .ARM.attributes
                0x000003fe       0x22 CMakeFiles/dual_quant_pitch.dir/Users/adrianvos/pico-sdk/src/rp2_common/pico_divider/divider_hardware.S.o
 .ARM.attributes
                0x00000420       0x22 CMakeFiles/dual_quant_pitch.dir/Users/adrianvos/pico-sdk/src/rp2_common/pico_double/double_aeabi_rp2040.S.o
 .ARM.attributes
                0x00000442       0x2c CMakeFiles/dual_quant_pitch.dir/Users/adrianvos/pico-sdk/src/rp2_common/pico_double/double_init_rom_rp2040.c.o
 .ARM.attributes
                0x0000046e       0x22 CMakeFiles/dual_quant_pitch.dir/Users/adrianvos/pico-sdk/src/rp2_common/pico_double/double_v1_rom_shim_rp2040.S.o
 .ARM.attributes
                0x00000490       0x22 CMakeFiles/dual_quant_pitch.dir/Users/adrianvos/pico-sdk/src/rp2_common/pico_int64_ops/pico_int64_ops_aeabi.S.o
 .ARM.attributes
                0x000004b2       0x22 CMakeFiles/dual_quant_pitch.dir/Users/adrianvos/pico-sdk/src/rp2_common/pico_float/float_aeabi_rp2040.S.o
 .ARM.attributes
                0x000004d4       0x2c CMakeFiles/dual_quant_pitch.dir/Users/adrianvos/pico-sdk/src/rp2_common/pico_float/float_init_rom_rp2040.c.o
 .ARM.attributes
                0x00000500       0x22 CMakeFiles/dual_quant_pitch.dir/Users/adrianvos/pico-sdk/src/rp2_common/pico_float/float_v1_rom_shim_rp2040.S.o
 .ARM.attributes
                0x00000522       0x22 CMakeFiles/dual_quant_pitch.dir/Users/adrianvos/pico-sdk/src/rp2_common/pico_mem_ops/mem_ops_aeabi.S.o
 .ARM.attributes
                0x00000544       0x2c CMakeFiles/dual_quant_pitch.dir/Users/adrianvos/pico-sdk/src/rp2_common/pico_standard_binary_info/standard_binary_info.c.o
 .ARM.attributes
                0x00000570       0x2c CMakeFiles/dual_quant_pitch.dir/Users/adrianvos/pico-sdk/src/rp2_common/pico_printf/printf.c.o
 .ARM.attributes
                0x0000059c       0x22 CMakeFiles/dual_quant_pitch.dir/Users/adrianvos/pico-sdk/src/rp2_common/pico_crt0/crt0.S.o
 .ARM.attributes
                0x000005be       0x2c CMakeFiles/dual_quant_pitch.dir/Users/adrianvos/pico-sdk/src/rp2_common/pico_clib_interface/newlib_interface.c.o
 .ARM.attributes
                0x000005ea       0x2c CMakeFiles/dual_quant_pitch.dir/Users/adrianvos/pico-sdk/src/rp2_common/pico_stdio/stdio.c.o
 .ARM.attributes
                0x00000616       0x2c CMakeFiles/dual_quant_pitch.dir/Users/adrianvos/pico-sdk/src/rp2_common/pico_unique_id/unique_id.c.o
 .ARM.attributes
                0x00000642       0x2c CMakeFiles/dual_quant_pitch.dir/Users/adrianvos/pico-sdk/src/rp2_common/hardware_flash/flash.c.o
 .ARM.attributes
                0x0000066e       0x2c CMakeFiles/dual_quant_pitch.dir/Users/adrianvos/pico-sdk/src/rp2_common/hardware_adc/adc.c.o
 .ARM.attributes
                0x0000069a       0x2c CMakeFiles/dual_quant_pitch.dir/Users/adrianvos/pico-sdk/src/rp2_common/hardware_spi/spi.c.o
 .ARM.attributes
                0x000006c6       0x2c CMakeFiles/dual_quant_pitch.dir/Users/adrianvos/pico-sdk/src/rp2_common/hardware_dma/dma.c.o
 .ARM.attributes
                0x000006f2       0x2c CMakeFiles/dual_quant_pitch.dir/Users/adrianvos/pico-sdk/src/rp2_common/hardware_i2c/i2c.c.o
 .ARM.attributes
                0x0000071e       0x22 pico-sdk/src/rp2040/boot_stage2/CMakeFiles/bs2_default_library.dir/bs2_default_padded_checksummed.S.o
 .ARM.attributes
                0x00000740       0x1e /Applications/ArmGNUToolchain/15.2.rel1/arm-none-eabi/bin/../lib/gcc/arm-none-eabi/15.2.1/thumb/v6-m/nofp/libgcc.a(_dvmd_tls.o)
 .ARM.attributes
                0x0000075e       0x2c /Applications/ArmGNUToolchain/15.2.rel1/arm-none-eabi/bin/../lib/gcc/arm-none-eabi/15.2.1/../../../../arm-none-eabi/lib/thumb/v6-m/nofp/libg.a(libc_a-strlen-stub.o)
 .ARM.attributes
                0x0000078a       0x2c /Applications/ArmGNUToolchain/15.2.rel1/arm-none-eabi/bin/../lib/gcc/arm-none-eabi/15.2.1/thumb/v6-m/nofp/crtend.o

.comment        0x00000000       0x45
 .comment       0x00000000       0x45 CMakeFiles/dual_quant_pitch.dir/dual_quant_pitch.cpp.o
                                 0x46 (size before relaxing)
 .comment       0x00000045        0x0 CMakeFiles/dual_quant_pitch.dir/Users/adrianvos/pico-sdk/src/rp2_common/hardware_gpio/gpio.c.o
                                 0x46 (size before relaxing)
 .comment       0x00000045        0x0 CMakeFiles/dual_quant_pitch.dir/Users/adrianvos/pico-sdk/src/rp2_common/pico_platform_panic/panic.c.o
                                 0x46 (size before relaxing)
 .comment       0x00000045        0x0 CMakeFiles/dual_quant_pitch.dir/Users/adrianvos/pico-sdk/src/common/hardware_claim/claim.c.o
                                 0x46 (size before relaxing)
 .comment       0x00000045        0x0 CMakeFiles/dual_quant_pitch.dir/Users/adrianvos/pico-sdk/src/rp2_common/hardware_sync/sync.c.o
                                 0x46 (size before relaxing)
 .comment       0x00000045        0x0 CMakeFiles/dual_quant_pitch.dir/Users/adrianvos/pico-sdk/src/rp2_common/hardware_sync_spin_lock/sync_spin_lock.c.o
                                 0x46 (size before relaxing)
 .comment       0x00000045        0x0 CMakeFiles/dual_quant_pitch.dir/Users/adrianvos/pico-sdk/src/rp2_common/hardware_irq/irq.c.o
                                 0x46 (size before relaxing)
 .comment       0x00000045        0x0 CMakeFiles/dual_quant_pitch.dir/Users/adrianvos/pico-sdk/src/common/pico_sync/lock_core.c.o
                                 0x46 (size before relaxing)
 .comment       0x00000045        0x0 CMakeFiles/dual_quant_pitch.dir/Users/adrianvos/pico-sdk/src/common/pico_sync/mutex.c.o
                                 0x46 (size before relaxing)
 .comment       0x00000045        0x0 CMakeFiles/dual_quant_pitch.dir/Users/adrianvos/pico-sdk/src/common/pico_time/time.c.o
                                 0x46 (size before relaxing)
 .comment       0x00000045        0x0 CMakeFiles/dual_quant_pitch.dir/Users/adrianvos/pico-sdk/src/common/pico_time/timeout_helper.c.o
                                 0x46 (size before relaxing)
 .comment       0x00000045        0x0 CMakeFiles/dual_quant_pitch.dir/Users/adrianvos/pico-sdk/src/rp2_common/hardware_timer/timer.c.o
                                 0x46 (size before relaxing)
 .comment       0x00000045        0x0 CMakeFiles/dual_quant_pitch.dir/Users/adrianvos/pico-sdk/src/rp2_common/hardware_clocks/clocks.c.o
                                 0x46 (size before relaxing)
 .comment       0x00000045        0x0 CMakeFiles/dual_quant_pitch.dir/Users/adrianvos/pico-sdk/src/rp2_common/hardware_pll/pll.c.o
                                 0x46 (size before relaxing)
 .comment       0x00000045        0x0 CMakeFiles/dual_quant_pitch.dir/Users/adrianvos/pico-sdk/src/rp2_common/hardware_ticks/ticks.c.o
                                 0x46 (size before relaxing)
 .comment       0x00000045        0x0 CMakeFiles/dual_quant_pitch.dir/Users/adrianvos/pico-sdk/src/rp2_common/pico_bootrom/bootrom.c.o
                                 0x46 (size before relaxing)
 .comment       0x00000045        0x0 CMakeFiles/dual_quant_pitch.dir/Users/adrianvos/pico-sdk/src/rp2_common/hardware_xosc/xosc.c.o
                                 0x46 (size before relaxing)
 .comment       0x00000045        0x0 CMakeFiles/dual_quant_pitch.dir/Users/adrianvos/pico-sdk/src/rp2_common/pico_runtime/runtime.c.o
                                 0x46 (size before relaxing)
 .comment       0x00000045        0x0 CMakeFiles/dual_quant_pitch.dir/Users/adrianvos/pico-sdk/src/rp2_common/pico_runtime_init/runtime_init.c.o
                                 0x46 (size before relaxing)
 .comment       0x00000045        0x0 CMakeFiles/dual_quant_pitch.dir/Users/adrianvos/pico-sdk/src/rp2_common/pico_runtime_init/runtime_init_clocks.c.o
                                 0x46 (size before relaxing)
 .comment       0x00000045        0x0 CMakeFiles/dual_quant_pitch.dir/Users/adrianvos/pico-sdk/src/rp2_common/pico_double/double_init_rom_rp2040.c.o
                                 0x46 (size before relaxing)
 .comment       0x00000045        0x0 CMakeFiles/dual_quant_pitch.dir/Users/adrianvos/pico-sdk/src/rp2_common/pico_float/float_init_rom_rp2040.c.o
                                 0x46 (size before relaxing)
 .comment       0x00000045        0x0 CMakeFiles/dual_quant_pitch.dir/Users/adrianvos/pico-sdk/src/rp2_common/pico_standard_binary_info/standard_binary_info.c.o
                                 0x46 (size before relaxing)
 .comment       0x00000045        0x0 CMakeFiles/dual_quant_pitch.dir/Users/adrianvos/pico-sdk/src/rp2_common/pico_printf/printf.c.o
                                 0x46 (size before relaxing)
 .comment       0x00000045        0x0 CMakeFiles/dual_quant_pitch.dir/Users/adrianvos/pico-sdk/src/rp2_common/pico_clib_interface/newlib_interface.c.o
                                 0x46 (size before relaxing)
 .comment       0x00000045        0x0 CMakeFiles/dual_quant_pitch.dir/Users/adrianvos/pico-sdk/src/rp2_common/pico_stdio/stdio.c.o
                                 0x46 (size before relaxing)
 .comment       0x00000045        0x0 CMakeFiles/dual_quant_pitch.dir/Users/adrianvos/pico-sdk/src/rp2_common/pico_unique_id/unique_id.c.o
                                 0x46 (size before relaxing)
 .comment       0x00000045        0x0 CMakeFiles/dual_quant_pitch.dir/Users/adrianvos/pico-sdk/src/rp2_common/hardware_flash/flash.c.o
                                 0x46 (size before relaxing)
 .comment       0x00000045        0x0 CMakeFiles/dual_quant_pitch.dir/Users/adrianvos/pico-sdk/src/rp2_common/hardware_adc/adc.c.o
                                 0x46 (size before relaxing)
 .comment       0x00000045        0x0 CMakeFiles/dual_quant_pitch.dir/Users/adrianvos/pico-sdk/src/rp2_common/hardware_spi/spi.c.o
                                 0x46 (size before relaxing)
 .comment       0x00000045        0x0 CMakeFiles/dual_quant_pitch.dir/Users/adrianvos/pico-sdk/src/rp2_common/hardware_dma/dma.c.o
                                 0x46 (size before relaxing)
 .comment       0x00000045        0x0 CMakeFiles/dual_quant_pitch.dir/Users/adrianvos/pico-sdk/src/rp2_common/hardware_i2c/i2c.c.o
                                 0x46 (size before relaxing)

.debug_info     0x00000000    0x27ee3
 .debug_info    0x00000000     0x8938 CMakeFiles/dual_quant_pitch.dir/dual_quant_pitch.cpp.o
 .debug_info    0x00008938     0x244a CMakeFiles/dual_quant_pitch.dir/Users/adrianvos/pico-sdk/src/rp2_common/hardware_gpio/gpio.c.o
 .debug_info    0x0000ad82      0x1c4 CMakeFiles/dual_quant_pitch.dir/Users/adrianvos/pico-sdk/src/rp2_common/pico_platform_panic/panic.c.o
 .debug_info    0x0000af46      0x98d CMakeFiles/dual_quant_pitch.dir/Users/adrianvos/pico-sdk/src/common/hardware_claim/claim.c.o
 .debug_info    0x0000b8d3      0x464 CMakeFiles/dual_quant_pitch.dir/Users/adrianvos/pico-sdk/src/rp2_common/hardware_sync/sync.c.o
 .debug_info    0x0000bd37      0x24a CMakeFiles/dual_quant_pitch.dir/Users/adrianvos/pico-sdk/src/rp2_common/hardware_sync_spin_lock/sync_spin_lock.c.o
 .debug_info    0x0000bf81     0x21c3 CMakeFiles/dual_quant_pitch.dir/Users/adrianvos/pico-sdk/src/rp2_common/hardware_irq/irq.c.o
 .debug_info    0x0000e144      0x164 CMakeFiles/dual_quant_pitch.dir/Users/adrianvos/pico-sdk/src/common/pico_sync/lock_core.c.o
 .debug_info    0x0000e2a8     0x278b CMakeFiles/dual_quant_pitch.dir/Users/adrianvos/pico-sdk/src/common/pico_sync/mutex.c.o
 .debug_info    0x00010a33     0x4f44 CMakeFiles/dual_quant_pitch.dir/Users/adrianvos/pico-sdk/src/common/pico_time/time.c.o
 .debug_info    0x00015977      0x671 CMakeFiles/dual_quant_pitch.dir/Users/adrianvos/pico-sdk/src/common/pico_time/timeout_helper.c.o
 .debug_info    0x00015fe8     0x2aa7 CMakeFiles/dual_quant_pitch.dir/Users/adrianvos/pico-sdk/src/rp2_common/hardware_timer/timer.c.o
 .debug_info    0x00018a8f     0x299f CMakeFiles/dual_quant_pitch.dir/Users/adrianvos/pico-sdk/src/rp2_common/hardware_clocks/clocks.c.o
 .debug_info    0x0001b42e      0x4f5 CMakeFiles/dual_quant_pitch.dir/Users/adrianvos/pico-sdk/src/rp2_common/hardware_pll/pll.c.o
 .debug_info    0x0001b923      0x24d CMakeFiles/dual_quant_pitch.dir/Users/adrianvos/pico-sdk/src/rp2_common/hardware_ticks/ticks.c.o
 .debug_info    0x0001bb70      0x65f CMakeFiles/dual_quant_pitch.dir/Users/adrianvos/pico-sdk/src/rp2_common/pico_bootrom/bootrom.c.o
 .debug_info    0x0001c1cf      0x1d5 CMakeFiles/dual_quant_pitch.dir/Users/adrianvos/pico-sdk/src/rp2_common/hardware_xosc/xosc.c.o
 .debug_info    0x0001c3a4      0x20b CMakeFiles/dual_quant_pitch.dir/Users/adrianvos/pico-sdk/src/rp2_common/pico_runtime/runtime.c.o
 .debug_info    0x0001c5af      0x7ef CMakeFiles/dual_quant_pitch.dir/Users/adrianvos/pico-sdk/src/rp2_common/pico_runtime_init/runtime_init.c.o
 .debug_info    0x0001cd9e      0x786 CMakeFiles/dual_quant_pitch.dir/Users/adrianvos/pico-sdk/src/rp2_common/pico_runtime_init/runtime_init_clocks.c.o
 .debug_info    0x0001d524       0x23 CMakeFiles/dual_quant_pitch.dir/Users/adrianvos/pico-sdk/src/rp2_common/pico_bit_ops/bit_ops_aeabi.S.o
 .debug_info    0x0001d547       0x23 CMakeFiles/dual_quant_pitch.dir/Users/adrianvos/pico-sdk/src/rp2_common/pico_divider/divider_hardware.S.o
 .debug_info    0x0001d56a       0x23 CMakeFiles/dual_quant_pitch.dir/Users/adrianvos/pico-sdk/src/rp2_common/pico_double/double_aeabi_rp2040.S.o
 .debug_info    0x0001d58d      0x283 CMakeFiles/dual_quant_pitch.dir/Users/adrianvos/pico-sdk/src/rp2_common/pico_double/double_init_rom_rp2040.c.o
 .debug_info    0x0001d810       0x23 CMakeFiles/dual_quant_pitch.dir/Users/adrianvos/pico-sdk/src/rp2_common/pico_double/double_v1_rom_shim_rp2040.S.o
 .debug_info    0x0001d833       0x24 CMakeFiles/dual_quant_pitch.dir/Users/adrianvos/pico-sdk/src/rp2_common/pico_int64_ops/pico_int64_ops_aeabi.S.o
 .debug_info    0x0001d857       0x23 CMakeFiles/dual_quant_pitch.dir/Users/adrianvos/pico-sdk/src/rp2_common/pico_float/float_aeabi_rp2040.S.o
 .debug_info    0x0001d87a      0x283 CMakeFiles/dual_quant_pitch.dir/Users/adrianvos/pico-sdk/src/rp2_common/pico_float/float_init_rom_rp2040.c.o
 .debug_info    0x0001dafd       0x23 CMakeFiles/dual_quant_pitch.dir/Users/adrianvos/pico-sdk/src/rp2_common/pico_float/float_v1_rom_shim_rp2040.S.o
 .debug_info    0x0001db20       0x23 CMakeFiles/dual_quant_pitch.dir/Users/adrianvos/pico-sdk/src/rp2_common/pico_mem_ops/mem_ops_aeabi.S.o
 .debug_info    0x0001db43      0x2bd CMakeFiles/dual_quant_pitch.dir/Users/adrianvos/pico-sdk/src/rp2_common/pico_standard_binary_info/standard_binary_info.c.o
 .debug_info    0x0001de00     0x230c CMakeFiles/dual_quant_pitch.dir/Users/adrianvos/pico-sdk/src/rp2_common/pico_printf/printf.c.o
 .debug_info    0x0002010c       0x23 CMakeFiles/dual_quant_pitch.dir/Users/adrianvos/pico-sdk/src/rp2_common/pico_crt0/crt0.S.o
 .debug_info    0x0002012f      0xba8 CMakeFiles/dual_quant_pitch.dir/Users/adrianvos/pico-sdk/src/rp2_common/pico_clib_interface/newlib_interface.c.o
 .debug_info    0x00020cd7     0x1b6f CMakeFiles/dual_quant_pitch.dir/Users/adrianvos/pico-sdk/src/rp2_common/pico_stdio/stdio.c.o
 .debug_info    0x00022846      0x206 CMakeFiles/dual_quant_pitch.dir/Users/adrianvos/pico-sdk/src/rp2_common/pico_unique_id/unique_id.c.o
 .debug_info    0x00022a4c     0x1724 CMakeFiles/dual_quant_pitch.dir/Users/adrianvos/pico-sdk/src/rp2_common/hardware_flash/flash.c.o
 .debug_info    0x00024170      0x401 CMakeFiles/dual_quant_pitch.dir/Users/adrianvos/pico-sdk/src/rp2_common/hardware_adc/adc.c.o
 .debug_info    0x00024571     0x1286 CMakeFiles/dual_quant_pitch.dir/Users/adrianvos/pico-sdk/src/rp2_common/hardware_spi/spi.c.o
 .debug_info    0x000257f7      0xa31 CMakeFiles/dual_quant_pitch.dir/Users/adrianvos/pico-sdk/src/rp2_common/hardware_dma/dma.c.o
 .debug_info    0x00026228     0x1cbb CMakeFiles/dual_quant_pitch.dir/Users/adrianvos/pico-sdk/src/rp2_common/hardware_i2c/i2c.c.o

.debug_abbrev   0x00000000     0x661c
 .debug_abbrev  0x00000000      0x988 CMakeFiles/dual_quant_pitch.dir/dual_quant_pitch.cpp.o
 .debug_abbrev  0x00000988      0x501 CMakeFiles/dual_quant_pitch.dir/Users/adrianvos/pico-sdk/src/rp2_common/hardware_gpio/gpio.c.o
 .debug_abbrev  0x00000e89      0x131 CMakeFiles/dual_quant_pitch.dir/Users/adrianvos/pico-sdk/src/rp2_common/pico_platform_panic/panic.c.o
 .debug_abbrev  0x00000fba      0x326 CMakeFiles/dual_quant_pitch.dir/Users/adrianvos/pico-sdk/src/common/hardware_claim/claim.c.o
 .debug_abbrev  0x000012e0      0x215 CMakeFiles/dual_quant_pitch.dir/Users/adrianvos/pico-sdk/src/rp2_common/hardware_sync/sync.c.o
 .debug_abbrev  0x000014f5      0x1c1 CMakeFiles/dual_quant_pitch.dir/Users/adrianvos/pico-sdk/src/rp2_common/hardware_sync_spin_lock/sync_spin_lock.c.o
 .debug_abbrev  0x000016b6      0x62f CMakeFiles/dual_quant_pitch.dir/Users/adrianvos/pico-sdk/src/rp2_common/hardware_irq/irq.c.o
 .debug_abbrev  0x00001ce5       0xf4 CMakeFiles/dual_quant_pitch.dir/Users/adrianvos/pico-sdk/src/common/pico_sync/lock_core.c.o
 .debug_abbrev  0x00001dd9      0x481 CMakeFiles/dual_quant_pitch.dir/Users/adrianvos/pico-sdk/src/common/pico_sync/mutex.c.o
 .debug_abbrev  0x0000225a      0x65f CMakeFiles/dual_quant_pitch.dir/Users/adrianvos/pico-sdk/src/common/pico_time/time.c.o
 .debug_abbrev  0x000028b9      0x2a6 CMakeFiles/dual_quant_pitch.dir/Users/adrianvos/pico-sdk/src/common/pico_time/timeout_helper.c.o
 .debug_abbrev  0x00002b5f      0x4fa CMakeFiles/dual_quant_pitch.dir/Users/adrianvos/pico-sdk/src/rp2_common/hardware_timer/timer.c.o
 .debug_abbrev  0x00003059      0x500 CMakeFiles/dual_quant_pitch.dir/Users/adrianvos/pico-sdk/src/rp2_common/hardware_clocks/clocks.c.o
 .debug_abbrev  0x00003559      0x1dc CMakeFiles/dual_quant_pitch.dir/Users/adrianvos/pico-sdk/src/rp2_common/hardware_pll/pll.c.o
 .debug_abbrev  0x00003735      0x14b CMakeFiles/dual_quant_pitch.dir/Users/adrianvos/pico-sdk/src/rp2_common/hardware_ticks/ticks.c.o
 .debug_abbrev  0x00003880      0x1c2 CMakeFiles/dual_quant_pitch.dir/Users/adrianvos/pico-sdk/src/rp2_common/pico_bootrom/bootrom.c.o
 .debug_abbrev  0x00003a42      0x123 CMakeFiles/dual_quant_pitch.dir/Users/adrianvos/pico-sdk/src/rp2_common/hardware_xosc/xosc.c.o
 .debug_abbrev  0x00003b65      0x176 CMakeFiles/dual_quant_pitch.dir/Users/adrianvos/pico-sdk/src/rp2_common/pico_runtime/runtime.c.o
 .debug_abbrev  0x00003cdb      0x271 CMakeFiles/dual_quant_pitch.dir/Users/adrianvos/pico-sdk/src/rp2_common/pico_runtime_init/runtime_init.c.o
 .debug_abbrev  0x00003f4c      0x2b5 CMakeFiles/dual_quant_pitch.dir/Users/adrianvos/pico-sdk/src/rp2_common/pico_runtime_init/runtime_init_clocks.c.o
 .debug_abbrev  0x00004201       0x12 CMakeFiles/dual_quant_pitch.dir/Users/adrianvos/pico-sdk/src/rp2_common/pico_bit_ops/bit_ops_aeabi.S.o
 .debug_abbrev  0x00004213       0x12 CMakeFiles/dual_quant_pitch.dir/Users/adrianvos/pico-sdk/src/rp2_common/pico_divider/divider_hardware.S.o
 .debug_abbrev  0x00004225       0x12 CMakeFiles/dual_quant_pitch.dir/Users/adrianvos/pico-sdk/src/rp2_common/pico_double/double_aeabi_rp2040.S.o
 .debug_abbrev  0x00004237      0x180 CMakeFiles/dual_quant_pitch.dir/Users/adrianvos/pico-sdk/src/rp2_common/pico_double/double_init_rom_rp2040.c.o
 .debug_abbrev  0x000043b7       0x12 CMakeFiles/dual_quant_pitch.dir/Users/adrianvos/pico-sdk/src/rp2_common/pico_double/double_v1_rom_shim_rp2040.S.o
 .debug_abbrev  0x000043c9       0x14 CMakeFiles/dual_quant_pitch.dir/Users/adrianvos/pico-sdk/src/rp2_common/pico_int64_ops/pico_int64_ops_aeabi.S.o
 .debug_abbrev  0x000043dd       0x12 CMakeFiles/dual_quant_pitch.dir/Users/adrianvos/pico-sdk/src/rp2_common/pico_float/float_aeabi_rp2040.S.o
 .debug_abbrev  0x000043ef      0x179 CMakeFiles/dual_quant_pitch.dir/Users/adrianvos/pico-sdk/src/rp2_common/pico_float/float_init_rom_rp2040.c.o
 .debug_abbrev  0x00004568       0x12 CMakeFiles/dual_quant_pitch.dir/Users/adrianvos/pico-sdk/src/rp2_common/pico_float/float_v1_rom_shim_rp2040.S.o
 .debug_abbrev  0x0000457a       0x12 CMakeFiles/dual_quant_pitch.dir/Users/adrianvos/pico-sdk/src/rp2_common/pico_mem_ops/mem_ops_aeabi.S.o
 .debug_abbrev  0x0000458c       0xbe CMakeFiles/dual_quant_pitch.dir/Users/adrianvos/pico-sdk/src/rp2_common/pico_standard_binary_info/standard_binary_info.c.o
 .debug_abbrev  0x0000464a      0x4f5 CMakeFiles/dual_quant_pitch.dir/Users/adrianvos/pico-sdk/src/rp2_common/pico_printf/printf.c.o
 .debug_abbrev  0x00004b3f       0x12 CMakeFiles/dual_quant_pitch.dir/Users/adrianvos/pico-sdk/src/rp2_common/pico_crt0/crt0.S.o
 .debug_abbrev  0x00004b51      0x34c CMakeFiles/dual_quant_pitch.dir/Users/adrianvos/pico-sdk/src/rp2_common/pico_clib_interface/newlib_interface.c.o
 .debug_abbrev  0x00004e9d      0x5ec CMakeFiles/dual_quant_pitch.dir/Users/adrianvos/pico-sdk/src/rp2_common/pico_stdio/stdio.c.o
 .debug_abbrev  0x00005489      0x159 CMakeFiles/dual_quant_pitch.dir/Users/adrianvos/pico-sdk/src/rp2_common/pico_unique_id/unique_id.c.o
 .debug_abbrev  0x000055e2      0x418 CMakeFiles/dual_quant_pitch.dir/Users/adrianvos/pico-sdk/src/rp2_common/hardware_flash/flash.c.o
 .debug_abbrev  0x000059fa      0x148 CMakeFiles/dual_quant_pitch.dir/Users/adrianvos/pico-sdk/src/rp2_common/hardware_adc/adc.c.o
 .debug_abbrev  0x00005b42      0x337 CMakeFiles/dual_quant_pitch.dir/Users/adrianvos/pico-sdk/src/rp2_common/hardware_spi/spi.c.o
 .debug_abbrev  0x00005e79      0x301 CMakeFiles/dual_quant_pitch.dir/Users/adrianvos/pico-sdk/src/rp2_common/hardware_dma/dma.c.o
 .debug_abbrev  0x0000617a      0x4a2 CMakeFiles/dual_quant_pitch.dir/Users/adrianvos/pico-sdk/src/rp2_common/hardware_i2c/i2c.c.o

.debug_loclists
                0x00000000    0x17a3b
 .debug_loclists
                0x00000000     0x53f1 CMakeFiles/dual_quant_pitch.dir/dual_quant_pitch.cpp.o
 .debug_loclists
                0x000053f1     0x18f5 CMakeFiles/dual_quant_pitch.dir/Users/adrianvos/pico-sdk/src/rp2_common/hardware_gpio/gpio.c.o
 .debug_loclists
                0x00006ce6      0x36d CMakeFiles/dual_quant_pitch.dir/Users/adrianvos/pico-sdk/src/common/hardware_claim/claim.c.o
 .debug_loclists
                0x00007053      0x101 CMakeFiles/dual_quant_pitch.dir/Users/adrianvos/pico-sdk/src/rp2_common/hardware_sync/sync.c.o
 .debug_loclists
                0x00007154       0x7d CMakeFiles/dual_quant_pitch.dir/Users/adrianvos/pico-sdk/src/rp2_common/hardware_sync_spin_lock/sync_spin_lock.c.o
 .debug_loclists
                0x000071d1     0x108c CMakeFiles/dual_quant_pitch.dir/Users/adrianvos/pico-sdk/src/rp2_common/hardware_irq/irq.c.o
 .debug_loclists
                0x0000825d       0x41 CMakeFiles/dual_quant_pitch.dir/Users/adrianvos/pico-sdk/src/common/pico_sync/lock_core.c.o
 .debug_loclists
                0x0000829e      0xad8 CMakeFiles/dual_quant_pitch.dir/Users/adrianvos/pico-sdk/src/common/pico_sync/mutex.c.o
 .debug_loclists
                0x00008d76     0x2851 CMakeFiles/dual_quant_pitch.dir/Users/adrianvos/pico-sdk/src/common/pico_time/time.c.o
 .debug_loclists
                0x0000b5c7      0x2ca CMakeFiles/dual_quant_pitch.dir/Users/adrianvos/pico-sdk/src/common/pico_time/timeout_helper.c.o
 .debug_loclists
                0x0000b891     0x18f6 CMakeFiles/dual_quant_pitch.dir/Users/adrianvos/pico-sdk/src/rp2_common/hardware_timer/timer.c.o
 .debug_loclists
                0x0000d187     0x2e22 CMakeFiles/dual_quant_pitch.dir/Users/adrianvos/pico-sdk/src/rp2_common/hardware_clocks/clocks.c.o
 .debug_loclists
                0x0000ffa9      0x1cf CMakeFiles/dual_quant_pitch.dir/Users/adrianvos/pico-sdk/src/rp2_common/hardware_pll/pll.c.o
 .debug_loclists
                0x00010178       0x47 CMakeFiles/dual_quant_pitch.dir/Users/adrianvos/pico-sdk/src/rp2_common/hardware_ticks/ticks.c.o
 .debug_loclists
                0x000101bf      0x351 CMakeFiles/dual_quant_pitch.dir/Users/adrianvos/pico-sdk/src/rp2_common/pico_bootrom/bootrom.c.o
 .debug_loclists
                0x00010510       0x48 CMakeFiles/dual_quant_pitch.dir/Users/adrianvos/pico-sdk/src/rp2_common/hardware_xosc/xosc.c.o
 .debug_loclists
                0x00010558       0x7e CMakeFiles/dual_quant_pitch.dir/Users/adrianvos/pico-sdk/src/rp2_common/pico_runtime/runtime.c.o
 .debug_loclists
                0x000105d6      0x141 CMakeFiles/dual_quant_pitch.dir/Users/adrianvos/pico-sdk/src/rp2_common/pico_runtime_init/runtime_init.c.o
 .debug_loclists
                0x00010717       0x69 CMakeFiles/dual_quant_pitch.dir/Users/adrianvos/pico-sdk/src/rp2_common/pico_runtime_init/runtime_init_clocks.c.o
 .debug_loclists
                0x00010780       0x3d CMakeFiles/dual_quant_pitch.dir/Users/adrianvos/pico-sdk/src/rp2_common/pico_double/double_init_rom_rp2040.c.o
 .debug_loclists
                0x000107bd       0x59 CMakeFiles/dual_quant_pitch.dir/Users/adrianvos/pico-sdk/src/rp2_common/pico_float/float_init_rom_rp2040.c.o
 .debug_loclists
                0x00010816     0x3100 CMakeFiles/dual_quant_pitch.dir/Users/adrianvos/pico-sdk/src/rp2_common/pico_printf/printf.c.o
 .debug_loclists
                0x00013916      0x419 CMakeFiles/dual_quant_pitch.dir/Users/adrianvos/pico-sdk/src/rp2_common/pico_clib_interface/newlib_interface.c.o
 .debug_loclists
                0x00013d2f      0xdda CMakeFiles/dual_quant_pitch.dir/Users/adrianvos/pico-sdk/src/rp2_common/pico_stdio/stdio.c.o
 .debug_loclists
                0x00014b09      0x422 CMakeFiles/dual_quant_pitch.dir/Users/adrianvos/pico-sdk/src/rp2_common/pico_unique_id/unique_id.c.o
 .debug_loclists
                0x00014f2b      0xad0 CMakeFiles/dual_quant_pitch.dir/Users/adrianvos/pico-sdk/src/rp2_common/hardware_flash/flash.c.o
 .debug_loclists
                0x000159fb       0x98 CMakeFiles/dual_quant_pitch.dir/Users/adrianvos/pico-sdk/src/rp2_common/hardware_adc/adc.c.o
 .debug_loclists
                0x00015a93      0xb9a CMakeFiles/dual_quant_pitch.dir/Users/adrianvos/pico-sdk/src/rp2_common/hardware_spi/spi.c.o